Release 14.7 - xst P.20131013 (nt64)
Copyright (c) 1995-2013 Xilinx, Inc.  All rights reserved.
--> Parameter TMPDIR set to xst/projnav.tmp


Total REAL time to Xst completion: 0.00 secs
Total CPU time to Xst completion: 0.10 secs
 
--> Parameter xsthdpdir set to xst


Total REAL time to Xst completion: 0.00 secs
Total CPU time to Xst completion: 0.11 secs
 
--> Reading design: sqrt.prj

TABLE OF CONTENTS
  1) Synthesis Options Summary
  2) HDL Parsing
  3) HDL Elaboration
  4) HDL Synthesis
       4.1) HDL Synthesis Report
  5) Advanced HDL Synthesis
       5.1) Advanced HDL Synthesis Report
  6) Low Level Synthesis
  7) Partition Report
  8) Design Summary
       8.1) Primitive and Black Box Usage
       8.2) Device utilization summary
       8.3) Partition Resource Summary
       8.4) Timing Report
            8.4.1) Clock Information
            8.4.2) Asynchronous Control Signals Information
            8.4.3) Timing Summary
            8.4.4) Timing Details
            8.4.5) Cross Clock Domains Report


=========================================================================
*                      Synthesis Options Summary                        *
=========================================================================
---- Source Parameters
Input File Name                    : "sqrt.prj"
Ignore Synthesis Constraint File   : NO

---- Target Parameters
Output File Name                   : "sqrt"
Output Format                      : NGC
Target Device                      : xc6slx150-3-fgg484

---- Source Options
Top Module Name                    : sqrt
Automatic FSM Extraction           : YES
FSM Encoding Algorithm             : Auto
Safe Implementation                : No
FSM Style                          : LUT
RAM Extraction                     : Yes
RAM Style                          : Auto
ROM Extraction                     : Yes
Shift Register Extraction          : YES
ROM Style                          : Auto
Resource Sharing                   : YES
Asynchronous To Synchronous        : NO
Shift Register Minimum Size        : 2
Use DSP Block                      : Auto
Automatic Register Balancing       : No

---- Target Options
LUT Combining                      : Auto
Reduce Control Sets                : Auto
Add IO Buffers                     : YES
Global Maximum Fanout              : 100000
Add Generic Clock Buffer(BUFG)     : 16
Register Duplication               : YES
Optimize Instantiated Primitives   : NO
Use Clock Enable                   : Auto
Use Synchronous Set                : Auto
Use Synchronous Reset              : Auto
Pack IO Registers into IOBs        : Auto
Equivalent register Removal        : YES

---- General Options
Optimization Goal                  : Speed
Optimization Effort                : 1
Power Reduction                    : NO
Keep Hierarchy                     : No
Netlist Hierarchy                  : As_Optimized
RTL Output                         : Yes
Global Optimization                : AllClockNets
Read Cores                         : YES
Write Timing Constraints           : NO
Cross Clock Analysis               : NO
Hierarchy Separator                : /
Bus Delimiter                      : <>
Case Specifier                     : Maintain
Slice Utilization Ratio            : 100
BRAM Utilization Ratio             : 100
DSP48 Utilization Ratio            : 100
Auto BRAM Packing                  : NO
Slice Utilization Ratio Delta      : 5

=========================================================================


=========================================================================
*                          HDL Parsing                                  *
=========================================================================
Parsing VHDL file "C:\Users\EMKING\Desktop\DSD_project\1.vhdl" into library work
Parsing entity <sqrt>.
Parsing architecture <Behavioral> of entity <sqrt>.

=========================================================================
*                            HDL Elaboration                            *
=========================================================================

Elaborating entity <sqrt> (architecture <Behavioral>) from library <work>.
WARNING:HDLCompiler:1127 - "C:\Users\EMKING\Desktop\DSD_project\1.vhdl" Line 56: Assignment to x_sign ignored, since the identifier is never used

=========================================================================
*                           HDL Synthesis                               *
=========================================================================

Synthesizing Unit <sqrt>.
    Related source file is "C:\Users\EMKING\Desktop\DSD_project\1.vhdl".
WARNING:Xst:647 - Input <x<31:31>> is never used. This port will be preserved and left unconnected if it belongs to a top-level block or it belongs to a sub-block and the hierarchy of this sub-block is preserved.
    Found 54-bit subtractor for signal <n0297> created at line 125.
    Found 8-bit adder for signal <GND_5_o_GND_5_o_add_2_OUT> created at line 87.
    Found 8-bit adder for signal <GND_5_o_GND_5_o_add_3_OUT> created at line 91.
    Found 23-bit adder for signal <GND_5_o_GND_5_o_add_134_OUT> created at line 135.
    Found 53-bit subtractor for signal <GND_5_o_GND_5_o_sub_7_OUT<52:0>> created at line 125.
    Found 53-bit subtractor for signal <GND_5_o_GND_5_o_sub_11_OUT<52:0>> created at line 125.
    Found 53-bit subtractor for signal <GND_5_o_GND_5_o_sub_16_OUT<52:0>> created at line 125.
    Found 53-bit subtractor for signal <GND_5_o_GND_5_o_sub_21_OUT<52:0>> created at line 125.
    Found 53-bit subtractor for signal <GND_5_o_GND_5_o_sub_26_OUT<52:0>> created at line 125.
    Found 53-bit subtractor for signal <GND_5_o_GND_5_o_sub_31_OUT<52:0>> created at line 125.
    Found 53-bit subtractor for signal <GND_5_o_GND_5_o_sub_36_OUT<52:0>> created at line 125.
    Found 53-bit subtractor for signal <GND_5_o_GND_5_o_sub_41_OUT<52:0>> created at line 125.
    Found 53-bit subtractor for signal <GND_5_o_GND_5_o_sub_46_OUT<52:0>> created at line 125.
    Found 53-bit subtractor for signal <GND_5_o_GND_5_o_sub_51_OUT<52:0>> created at line 125.
    Found 53-bit subtractor for signal <GND_5_o_GND_5_o_sub_56_OUT<52:0>> created at line 125.
    Found 53-bit subtractor for signal <GND_5_o_GND_5_o_sub_61_OUT<52:0>> created at line 125.
    Found 53-bit subtractor for signal <GND_5_o_GND_5_o_sub_66_OUT<52:0>> created at line 125.
    Found 53-bit subtractor for signal <GND_5_o_GND_5_o_sub_71_OUT<52:0>> created at line 125.
    Found 53-bit subtractor for signal <GND_5_o_GND_5_o_sub_76_OUT<52:0>> created at line 125.
    Found 53-bit subtractor for signal <GND_5_o_GND_5_o_sub_81_OUT<52:0>> created at line 125.
    Found 53-bit subtractor for signal <GND_5_o_GND_5_o_sub_86_OUT<52:0>> created at line 125.
    Found 53-bit subtractor for signal <GND_5_o_GND_5_o_sub_91_OUT<52:0>> created at line 125.
    Found 53-bit subtractor for signal <GND_5_o_GND_5_o_sub_96_OUT<52:0>> created at line 125.
    Found 53-bit subtractor for signal <GND_5_o_GND_5_o_sub_101_OUT<52:0>> created at line 125.
    Found 53-bit subtractor for signal <GND_5_o_GND_5_o_sub_106_OUT<52:0>> created at line 125.
    Found 53-bit subtractor for signal <GND_5_o_GND_5_o_sub_111_OUT<52:0>> created at line 125.
    Found 53-bit subtractor for signal <GND_5_o_GND_5_o_sub_116_OUT<52:0>> created at line 125.
    Found 53-bit subtractor for signal <GND_5_o_GND_5_o_sub_121_OUT<52:0>> created at line 125.
    Found 53-bit subtractor for signal <GND_5_o_GND_5_o_sub_126_OUT<52:0>> created at line 125.
    Summary:
	inferred  28 Adder/Subtractor(s).
	inferred  56 Multiplexer(s).
Unit <sqrt> synthesized.

=========================================================================
HDL Synthesis Report

Macro Statistics
# Adders/Subtractors                                   : 28
 23-bit adder                                          : 1
 53-bit subtractor                                     : 25
 54-bit subtractor                                     : 1
 8-bit adder                                           : 1
# Multiplexers                                         : 56
 23-bit 2-to-1 multiplexer                             : 2
 26-bit 2-to-1 multiplexer                             : 1
 52-bit 2-to-1 multiplexer                             : 50
 8-bit 2-to-1 multiplexer                              : 3

=========================================================================
INFO:Xst:1767 - HDL ADVISOR - Resource sharing has identified that some arithmetic operations in this design can share the same physical resources for reduced device utilization. For improved clock frequency you may try to disable resource sharing.

=========================================================================
*                       Advanced HDL Synthesis                          *
=========================================================================


=========================================================================
Advanced HDL Synthesis Report

Macro Statistics
# Adders/Subtractors                                   : 28
 23-bit adder                                          : 1
 53-bit subtractor                                     : 26
 8-bit adder                                           : 1
# Multiplexers                                         : 56
 23-bit 2-to-1 multiplexer                             : 2
 26-bit 2-to-1 multiplexer                             : 1
 52-bit 2-to-1 multiplexer                             : 50
 8-bit 2-to-1 multiplexer                              : 3

=========================================================================

=========================================================================
*                         Low Level Synthesis                           *
=========================================================================

Optimizing unit <sqrt> ...

Mapping all equations...
Building and optimizing final netlist ...
Found area constraint ratio of 100 (+ 5) on block sqrt, actual ratio is 1.

Final Macro Processing ...

=========================================================================
Final Register Report

Found no macro
=========================================================================

=========================================================================
*                           Partition Report                            *
=========================================================================

Partition Implementation Status
-------------------------------

  No Partitions were found in this design.

-------------------------------

=========================================================================
*                            Design Summary                             *
=========================================================================

Top Level Output File Name         : sqrt.ngc

Primitive and Black Box Usage:
------------------------------
# BELS                             : 2326
#      GND                         : 1
#      INV                         : 31
#      LUT2                        : 21
#      LUT3                        : 320
#      LUT4                        : 124
#      LUT5                        : 452
#      LUT6                        : 146
#      MUXCY                       : 633
#      VCC                         : 1
#      XORCY                       : 597
# IO Buffers                       : 63
#      IBUF                        : 31
#      OBUF                        : 32

Device utilization summary:
---------------------------

Selected Device : 6slx150fgg484-3 


Slice Logic Utilization: 
 Number of Slice LUTs:                 1094  out of  92152     1%  
    Number used as Logic:              1094  out of  92152     1%  

Slice Logic Distribution: 
 Number of LUT Flip Flop pairs used:   1094
   Number with an unused Flip Flop:    1094  out of   1094   100%  
   Number with an unused LUT:             0  out of   1094     0%  
   Number of fully used LUT-FF pairs:     0  out of   1094     0%  
   Number of unique control sets:         0

IO Utilization: 
 Number of IOs:                          64
 Number of bonded IOBs:                  63  out of    338    18%  

Specific Feature Utilization:

---------------------------
Partition Resource Summary:
---------------------------

  No Partitions were found in this design.

---------------------------


=========================================================================
Timing Report

NOTE: THESE TIMING NUMBERS ARE ONLY A SYNTHESIS ESTIMATE.
      FOR ACCURATE TIMING INFORMATION PLEASE REFER TO THE TRACE REPORT
      GENERATED AFTER PLACE-and-ROUTE.

Clock Information:
------------------
No clock signals found in this design

Asynchronous Control Signals Information:
----------------------------------------
No asynchronous control signals found in this design

Timing Summary:
---------------
Speed Grade: -3

   Minimum period: No path found
   Minimum input arrival time before clock: No path found
   Maximum output required time after clock: No path found
   Maximum combinational path delay: 92.284ns

Timing Details:
---------------
All values displayed in nanoseconds (ns)

=========================================================================
Timing constraint: Default path analysis
  Total number of paths / destination ports: 2603440536406910600000000000000000000000 / 31
-------------------------------------------------------------------------
Delay:               92.284ns (Levels of Logic = 572)
  Source:            x<23> (PAD)
  Destination:       y<22> (PAD)

  Data Path: x<23> to y<22>
                                Gate     Net
    Cell:in->out      fanout   Delay   Delay  Logical Name (Net Name)
    ----------------------------------------  ------------
     IBUF:I->O            81   1.222   1.999  x_23_IBUF (Msub_GND_5_o_GND_5_o_sub_7_OUT<52:0>_lut<26>)
     LUT4:I0->O           29   0.203   1.354  Msub_GND_5_o_GND_5_o_sub_11_OUT<52:0>_cy<51>11 (Msub_GND_5_o_GND_5_o_sub_11_OUT<52:0>_cy<51>)
     LUT5:I3->O           24   0.203   1.277  Msub_GND_5_o_GND_5_o_sub_16_OUT<52:0>_cy<51>11 (Msub_GND_5_o_GND_5_o_sub_16_OUT<52:0>_cy<51>)
     LUT5:I3->O            3   0.203   0.995  Mmux_PWR_5_o_GND_5_o_mux_17_OUT421 (PWR_5_o_GND_5_o_mux_17_OUT<47>)
     LUT5:I0->O           11   0.203   0.883  Msub_GND_5_o_GND_5_o_sub_21_OUT<52:0>_cy<47>11 (Msub_GND_5_o_GND_5_o_sub_21_OUT<52:0>_cy<47>)
     LUT4:I3->O           30   0.205   1.628  Msub_GND_5_o_GND_5_o_sub_21_OUT<52:0>_cy<51>11 (Msub_GND_5_o_GND_5_o_sub_21_OUT<52:0>_cy<51>)
     LUT6:I0->O            3   0.203   0.650  Mmux_PWR_5_o_GND_5_o_mux_22_OUT421 (Msub_GND_5_o_GND_5_o_sub_26_OUT<52:0>_lut<47>)
     MUXCY:DI->O           1   0.145   0.000  Msub_GND_5_o_GND_5_o_sub_26_OUT<52:0>_cy<47> (Msub_GND_5_o_GND_5_o_sub_26_OUT<52:0>_cy<47>)
     MUXCY:CI->O           1   0.019   0.000  Msub_GND_5_o_GND_5_o_sub_26_OUT<52:0>_cy<48> (Msub_GND_5_o_GND_5_o_sub_26_OUT<52:0>_cy<48>)
     MUXCY:CI->O           1   0.019   0.000  Msub_GND_5_o_GND_5_o_sub_26_OUT<52:0>_cy<49> (Msub_GND_5_o_GND_5_o_sub_26_OUT<52:0>_cy<49>)
     MUXCY:CI->O           1   0.019   0.000  Msub_GND_5_o_GND_5_o_sub_26_OUT<52:0>_cy<50> (Msub_GND_5_o_GND_5_o_sub_26_OUT<52:0>_cy<50>)
     MUXCY:CI->O           0   0.019   0.000  Msub_GND_5_o_GND_5_o_sub_26_OUT<52:0>_cy<51> (Msub_GND_5_o_GND_5_o_sub_26_OUT<52:0>_cy<51>)
     XORCY:CI->O          47   0.180   1.849  Msub_GND_5_o_GND_5_o_sub_26_OUT<52:0>_xor<52> (GND_5_o_GND_5_o_sub_26_OUT<52>)
     LUT5:I0->O            4   0.203   0.683  Mmux_PWR_5_o_GND_5_o_mux_27_OUT371 (PWR_5_o_GND_5_o_mux_27_OUT<42>)
     MUXCY:DI->O           1   0.145   0.000  Msub_GND_5_o_GND_5_o_sub_31_OUT<52:0>_cy<42> (Msub_GND_5_o_GND_5_o_sub_31_OUT<52:0>_cy<42>)
     MUXCY:CI->O           1   0.019   0.000  Msub_GND_5_o_GND_5_o_sub_31_OUT<52:0>_cy<43> (Msub_GND_5_o_GND_5_o_sub_31_OUT<52:0>_cy<43>)
     MUXCY:CI->O           1   0.019   0.000  Msub_GND_5_o_GND_5_o_sub_31_OUT<52:0>_cy<44> (Msub_GND_5_o_GND_5_o_sub_31_OUT<52:0>_cy<44>)
     MUXCY:CI->O           1   0.019   0.000  Msub_GND_5_o_GND_5_o_sub_31_OUT<52:0>_cy<45> (Msub_GND_5_o_GND_5_o_sub_31_OUT<52:0>_cy<45>)
     MUXCY:CI->O           1   0.019   0.000  Msub_GND_5_o_GND_5_o_sub_31_OUT<52:0>_cy<46> (Msub_GND_5_o_GND_5_o_sub_31_OUT<52:0>_cy<46>)
     MUXCY:CI->O           1   0.019   0.000  Msub_GND_5_o_GND_5_o_sub_31_OUT<52:0>_cy<47> (Msub_GND_5_o_GND_5_o_sub_31_OUT<52:0>_cy<47>)
     MUXCY:CI->O           1   0.019   0.000  Msub_GND_5_o_GND_5_o_sub_31_OUT<52:0>_cy<48> (Msub_GND_5_o_GND_5_o_sub_31_OUT<52:0>_cy<48>)
     MUXCY:CI->O           1   0.019   0.000  Msub_GND_5_o_GND_5_o_sub_31_OUT<52:0>_cy<49> (Msub_GND_5_o_GND_5_o_sub_31_OUT<52:0>_cy<49>)
     MUXCY:CI->O           1   0.019   0.000  Msub_GND_5_o_GND_5_o_sub_31_OUT<52:0>_cy<50> (Msub_GND_5_o_GND_5_o_sub_31_OUT<52:0>_cy<50>)
     MUXCY:CI->O           0   0.019   0.000  Msub_GND_5_o_GND_5_o_sub_31_OUT<52:0>_cy<51> (Msub_GND_5_o_GND_5_o_sub_31_OUT<52:0>_cy<51>)
     XORCY:CI->O          57   0.180   1.938  Msub_GND_5_o_GND_5_o_sub_31_OUT<52:0>_xor<52> (GND_5_o_GND_5_o_sub_31_OUT<52>)
     LUT5:I0->O            4   0.203   0.683  Mmux_PWR_5_o_GND_5_o_mux_32_OUT351 (PWR_5_o_GND_5_o_mux_32_OUT<40>)
     MUXCY:DI->O           1   0.145   0.000  Msub_GND_5_o_GND_5_o_sub_36_OUT<52:0>_cy<40> (Msub_GND_5_o_GND_5_o_sub_36_OUT<52:0>_cy<40>)
     MUXCY:CI->O           1   0.019   0.000  Msub_GND_5_o_GND_5_o_sub_36_OUT<52:0>_cy<41> (Msub_GND_5_o_GND_5_o_sub_36_OUT<52:0>_cy<41>)
     MUXCY:CI->O           1   0.019   0.000  Msub_GND_5_o_GND_5_o_sub_36_OUT<52:0>_cy<42> (Msub_GND_5_o_GND_5_o_sub_36_OUT<52:0>_cy<42>)
     MUXCY:CI->O           1   0.019   0.000  Msub_GND_5_o_GND_5_o_sub_36_OUT<52:0>_cy<43> (Msub_GND_5_o_GND_5_o_sub_36_OUT<52:0>_cy<43>)
     MUXCY:CI->O           1   0.019   0.000  Msub_GND_5_o_GND_5_o_sub_36_OUT<52:0>_cy<44> (Msub_GND_5_o_GND_5_o_sub_36_OUT<52:0>_cy<44>)
     MUXCY:CI->O           1   0.019   0.000  Msub_GND_5_o_GND_5_o_sub_36_OUT<52:0>_cy<45> (Msub_GND_5_o_GND_5_o_sub_36_OUT<52:0>_cy<45>)
     MUXCY:CI->O           1   0.019   0.000  Msub_GND_5_o_GND_5_o_sub_36_OUT<52:0>_cy<46> (Msub_GND_5_o_GND_5_o_sub_36_OUT<52:0>_cy<46>)
     MUXCY:CI->O           1   0.019   0.000  Msub_GND_5_o_GND_5_o_sub_36_OUT<52:0>_cy<47> (Msub_GND_5_o_GND_5_o_sub_36_OUT<52:0>_cy<47>)
     MUXCY:CI->O           1   0.019   0.000  Msub_GND_5_o_GND_5_o_sub_36_OUT<52:0>_cy<48> (Msub_GND_5_o_GND_5_o_sub_36_OUT<52:0>_cy<48>)
     MUXCY:CI->O           1   0.019   0.000  Msub_GND_5_o_GND_5_o_sub_36_OUT<52:0>_cy<49> (Msub_GND_5_o_GND_5_o_sub_36_OUT<52:0>_cy<49>)
     MUXCY:CI->O           1   0.019   0.000  Msub_GND_5_o_GND_5_o_sub_36_OUT<52:0>_cy<50> (Msub_GND_5_o_GND_5_o_sub_36_OUT<52:0>_cy<50>)
     MUXCY:CI->O           0   0.019   0.000  Msub_GND_5_o_GND_5_o_sub_36_OUT<52:0>_cy<51> (Msub_GND_5_o_GND_5_o_sub_36_OUT<52:0>_cy<51>)
     XORCY:CI->O          53   0.180   1.912  Msub_GND_5_o_GND_5_o_sub_36_OUT<52:0>_xor<52> (GND_5_o_GND_5_o_sub_36_OUT<52>)
     LUT5:I0->O            4   0.203   0.683  Mmux_PWR_5_o_GND_5_o_mux_37_OUT321 (PWR_5_o_GND_5_o_mux_37_OUT<38>)
     MUXCY:DI->O           1   0.145   0.000  Msub_GND_5_o_GND_5_o_sub_41_OUT<52:0>_cy<38> (Msub_GND_5_o_GND_5_o_sub_41_OUT<52:0>_cy<38>)
     MUXCY:CI->O           1   0.019   0.000  Msub_GND_5_o_GND_5_o_sub_41_OUT<52:0>_cy<39> (Msub_GND_5_o_GND_5_o_sub_41_OUT<52:0>_cy<39>)
     MUXCY:CI->O           1   0.019   0.000  Msub_GND_5_o_GND_5_o_sub_41_OUT<52:0>_cy<40> (Msub_GND_5_o_GND_5_o_sub_41_OUT<52:0>_cy<40>)
     MUXCY:CI->O           1   0.019   0.000  Msub_GND_5_o_GND_5_o_sub_41_OUT<52:0>_cy<41> (Msub_GND_5_o_GND_5_o_sub_41_OUT<52:0>_cy<41>)
     MUXCY:CI->O           1   0.019   0.000  Msub_GND_5_o_GND_5_o_sub_41_OUT<52:0>_cy<42> (Msub_GND_5_o_GND_5_o_sub_41_OUT<52:0>_cy<42>)
     MUXCY:CI->O           1   0.019   0.000  Msub_GND_5_o_GND_5_o_sub_41_OUT<52:0>_cy<43> (Msub_GND_5_o_GND_5_o_sub_41_OUT<52:0>_cy<43>)
     MUXCY:CI->O           1   0.019   0.000  Msub_GND_5_o_GND_5_o_sub_41_OUT<52:0>_cy<44> (Msub_GND_5_o_GND_5_o_sub_41_OUT<52:0>_cy<44>)
     MUXCY:CI->O           1   0.019   0.000  Msub_GND_5_o_GND_5_o_sub_41_OUT<52:0>_cy<45> (Msub_GND_5_o_GND_5_o_sub_41_OUT<52:0>_cy<45>)
     MUXCY:CI->O           1   0.019   0.000  Msub_GND_5_o_GND_5_o_sub_41_OUT<52:0>_cy<46> (Msub_GND_5_o_GND_5_o_sub_41_OUT<52:0>_cy<46>)
     MUXCY:CI->O           1   0.019   0.000  Msub_GND_5_o_GND_5_o_sub_41_OUT<52:0>_cy<47> (Msub_GND_5_o_GND_5_o_sub_41_OUT<52:0>_cy<47>)
     MUXCY:CI->O           1   0.019   0.000  Msub_GND_5_o_GND_5_o_sub_41_OUT<52:0>_cy<48> (Msub_GND_5_o_GND_5_o_sub_41_OUT<52:0>_cy<48>)
     MUXCY:CI->O           1   0.019   0.000  Msub_GND_5_o_GND_5_o_sub_41_OUT<52:0>_cy<49> (Msub_GND_5_o_GND_5_o_sub_41_OUT<52:0>_cy<49>)
     MUXCY:CI->O           1   0.019   0.000  Msub_GND_5_o_GND_5_o_sub_41_OUT<52:0>_cy<50> (Msub_GND_5_o_GND_5_o_sub_41_OUT<52:0>_cy<50>)
     MUXCY:CI->O           0   0.019   0.000  Msub_GND_5_o_GND_5_o_sub_41_OUT<52:0>_cy<51> (Msub_GND_5_o_GND_5_o_sub_41_OUT<52:0>_cy<51>)
     XORCY:CI->O          67   0.180   2.004  Msub_GND_5_o_GND_5_o_sub_41_OUT<52:0>_xor<52> (GND_5_o_GND_5_o_sub_41_OUT<52>)
     LUT5:I0->O            4   0.203   0.683  Mmux_PWR_5_o_GND_5_o_mux_42_OUT301 (PWR_5_o_GND_5_o_mux_42_OUT<36>)
     MUXCY:DI->O           1   0.145   0.000  Msub_GND_5_o_GND_5_o_sub_46_OUT<52:0>_cy<36> (Msub_GND_5_o_GND_5_o_sub_46_OUT<52:0>_cy<36>)
     MUXCY:CI->O           1   0.019   0.000  Msub_GND_5_o_GND_5_o_sub_46_OUT<52:0>_cy<37> (Msub_GND_5_o_GND_5_o_sub_46_OUT<52:0>_cy<37>)
     MUXCY:CI->O           1   0.019   0.000  Msub_GND_5_o_GND_5_o_sub_46_OUT<52:0>_cy<38> (Msub_GND_5_o_GND_5_o_sub_46_OUT<52:0>_cy<38>)
     MUXCY:CI->O           1   0.019   0.000  Msub_GND_5_o_GND_5_o_sub_46_OUT<52:0>_cy<39> (Msub_GND_5_o_GND_5_o_sub_46_OUT<52:0>_cy<39>)
     MUXCY:CI->O           1   0.019   0.000  Msub_GND_5_o_GND_5_o_sub_46_OUT<52:0>_cy<40> (Msub_GND_5_o_GND_5_o_sub_46_OUT<52:0>_cy<40>)
     MUXCY:CI->O           1   0.019   0.000  Msub_GND_5_o_GND_5_o_sub_46_OUT<52:0>_cy<41> (Msub_GND_5_o_GND_5_o_sub_46_OUT<52:0>_cy<41>)
     MUXCY:CI->O           1   0.019   0.000  Msub_GND_5_o_GND_5_o_sub_46_OUT<52:0>_cy<42> (Msub_GND_5_o_GND_5_o_sub_46_OUT<52:0>_cy<42>)
     MUXCY:CI->O           1   0.019   0.000  Msub_GND_5_o_GND_5_o_sub_46_OUT<52:0>_cy<43> (Msub_GND_5_o_GND_5_o_sub_46_OUT<52:0>_cy<43>)
     MUXCY:CI->O           1   0.019   0.000  Msub_GND_5_o_GND_5_o_sub_46_OUT<52:0>_cy<44> (Msub_GND_5_o_GND_5_o_sub_46_OUT<52:0>_cy<44>)
     MUXCY:CI->O           1   0.019   0.000  Msub_GND_5_o_GND_5_o_sub_46_OUT<52:0>_cy<45> (Msub_GND_5_o_GND_5_o_sub_46_OUT<52:0>_cy<45>)
     MUXCY:CI->O           1   0.019   0.000  Msub_GND_5_o_GND_5_o_sub_46_OUT<52:0>_cy<46> (Msub_GND_5_o_GND_5_o_sub_46_OUT<52:0>_cy<46>)
     MUXCY:CI->O           1   0.019   0.000  Msub_GND_5_o_GND_5_o_sub_46_OUT<52:0>_cy<47> (Msub_GND_5_o_GND_5_o_sub_46_OUT<52:0>_cy<47>)
     MUXCY:CI->O           1   0.019   0.000  Msub_GND_5_o_GND_5_o_sub_46_OUT<52:0>_cy<48> (Msub_GND_5_o_GND_5_o_sub_46_OUT<52:0>_cy<48>)
     MUXCY:CI->O           1   0.019   0.000  Msub_GND_5_o_GND_5_o_sub_46_OUT<52:0>_cy<49> (Msub_GND_5_o_GND_5_o_sub_46_OUT<52:0>_cy<49>)
     MUXCY:CI->O           1   0.019   0.000  Msub_GND_5_o_GND_5_o_sub_46_OUT<52:0>_cy<50> (Msub_GND_5_o_GND_5_o_sub_46_OUT<52:0>_cy<50>)
     MUXCY:CI->O           0   0.019   0.000  Msub_GND_5_o_GND_5_o_sub_46_OUT<52:0>_cy<51> (Msub_GND_5_o_GND_5_o_sub_46_OUT<52:0>_cy<51>)
     XORCY:CI->O          61   0.180   1.965  Msub_GND_5_o_GND_5_o_sub_46_OUT<52:0>_xor<52> (GND_5_o_GND_5_o_sub_46_OUT<52>)
     LUT5:I0->O            4   0.203   0.683  Mmux_PWR_5_o_GND_5_o_mux_47_OUT281 (PWR_5_o_GND_5_o_mux_47_OUT<34>)
     MUXCY:DI->O           1   0.145   0.000  Msub_GND_5_o_GND_5_o_sub_51_OUT<52:0>_cy<34> (Msub_GND_5_o_GND_5_o_sub_51_OUT<52:0>_cy<34>)
     MUXCY:CI->O           1   0.019   0.000  Msub_GND_5_o_GND_5_o_sub_51_OUT<52:0>_cy<35> (Msub_GND_5_o_GND_5_o_sub_51_OUT<52:0>_cy<35>)
     MUXCY:CI->O           1   0.019   0.000  Msub_GND_5_o_GND_5_o_sub_51_OUT<52:0>_cy<36> (Msub_GND_5_o_GND_5_o_sub_51_OUT<52:0>_cy<36>)
     MUXCY:CI->O           1   0.019   0.000  Msub_GND_5_o_GND_5_o_sub_51_OUT<52:0>_cy<37> (Msub_GND_5_o_GND_5_o_sub_51_OUT<52:0>_cy<37>)
     MUXCY:CI->O           1   0.019   0.000  Msub_GND_5_o_GND_5_o_sub_51_OUT<52:0>_cy<38> (Msub_GND_5_o_GND_5_o_sub_51_OUT<52:0>_cy<38>)
     MUXCY:CI->O           1   0.019   0.000  Msub_GND_5_o_GND_5_o_sub_51_OUT<52:0>_cy<39> (Msub_GND_5_o_GND_5_o_sub_51_OUT<52:0>_cy<39>)
     MUXCY:CI->O           1   0.019   0.000  Msub_GND_5_o_GND_5_o_sub_51_OUT<52:0>_cy<40> (Msub_GND_5_o_GND_5_o_sub_51_OUT<52:0>_cy<40>)
     MUXCY:CI->O           1   0.019   0.000  Msub_GND_5_o_GND_5_o_sub_51_OUT<52:0>_cy<41> (Msub_GND_5_o_GND_5_o_sub_51_OUT<52:0>_cy<41>)
     MUXCY:CI->O           1   0.019   0.000  Msub_GND_5_o_GND_5_o_sub_51_OUT<52:0>_cy<42> (Msub_GND_5_o_GND_5_o_sub_51_OUT<52:0>_cy<42>)
     MUXCY:CI->O           1   0.019   0.000  Msub_GND_5_o_GND_5_o_sub_51_OUT<52:0>_cy<43> (Msub_GND_5_o_GND_5_o_sub_51_OUT<52:0>_cy<43>)
     MUXCY:CI->O           1   0.019   0.000  Msub_GND_5_o_GND_5_o_sub_51_OUT<52:0>_cy<44> (Msub_GND_5_o_GND_5_o_sub_51_OUT<52:0>_cy<44>)
     MUXCY:CI->O           1   0.019   0.000  Msub_GND_5_o_GND_5_o_sub_51_OUT<52:0>_cy<45> (Msub_GND_5_o_GND_5_o_sub_51_OUT<52:0>_cy<45>)
     MUXCY:CI->O           1   0.019   0.000  Msub_GND_5_o_GND_5_o_sub_51_OUT<52:0>_cy<46> (Msub_GND_5_o_GND_5_o_sub_51_OUT<52:0>_cy<46>)
     MUXCY:CI->O           1   0.019   0.000  Msub_GND_5_o_GND_5_o_sub_51_OUT<52:0>_cy<47> (Msub_GND_5_o_GND_5_o_sub_51_OUT<52:0>_cy<47>)
     MUXCY:CI->O           1   0.019   0.000  Msub_GND_5_o_GND_5_o_sub_51_OUT<52:0>_cy<48> (Msub_GND_5_o_GND_5_o_sub_51_OUT<52:0>_cy<48>)
     MUXCY:CI->O           1   0.019   0.000  Msub_GND_5_o_GND_5_o_sub_51_OUT<52:0>_cy<49> (Msub_GND_5_o_GND_5_o_sub_51_OUT<52:0>_cy<49>)
     MUXCY:CI->O           1   0.019   0.000  Msub_GND_5_o_GND_5_o_sub_51_OUT<52:0>_cy<50> (Msub_GND_5_o_GND_5_o_sub_51_OUT<52:0>_cy<50>)
     MUXCY:CI->O           0   0.019   0.000  Msub_GND_5_o_GND_5_o_sub_51_OUT<52:0>_cy<51> (Msub_GND_5_o_GND_5_o_sub_51_OUT<52:0>_cy<51>)
     XORCY:CI->O          77   0.180   2.070  Msub_GND_5_o_GND_5_o_sub_51_OUT<52:0>_xor<52> (GND_5_o_GND_5_o_sub_51_OUT<52>)
     LUT5:I0->O            4   0.203   0.683  Mmux_PWR_5_o_GND_5_o_mux_52_OUT261 (PWR_5_o_GND_5_o_mux_52_OUT<32>)
     MUXCY:DI->O           1   0.145   0.000  Msub_GND_5_o_GND_5_o_sub_56_OUT<52:0>_cy<32> (Msub_GND_5_o_GND_5_o_sub_56_OUT<52:0>_cy<32>)
     MUXCY:CI->O           1   0.019   0.000  Msub_GND_5_o_GND_5_o_sub_56_OUT<52:0>_cy<33> (Msub_GND_5_o_GND_5_o_sub_56_OUT<52:0>_cy<33>)
     MUXCY:CI->O           1   0.019   0.000  Msub_GND_5_o_GND_5_o_sub_56_OUT<52:0>_cy<34> (Msub_GND_5_o_GND_5_o_sub_56_OUT<52:0>_cy<34>)
     MUXCY:CI->O           1   0.019   0.000  Msub_GND_5_o_GND_5_o_sub_56_OUT<52:0>_cy<35> (Msub_GND_5_o_GND_5_o_sub_56_OUT<52:0>_cy<35>)
     MUXCY:CI->O           1   0.019   0.000  Msub_GND_5_o_GND_5_o_sub_56_OUT<52:0>_cy<36> (Msub_GND_5_o_GND_5_o_sub_56_OUT<52:0>_cy<36>)
     MUXCY:CI->O           1   0.019   0.000  Msub_GND_5_o_GND_5_o_sub_56_OUT<52:0>_cy<37> (Msub_GND_5_o_GND_5_o_sub_56_OUT<52:0>_cy<37>)
     MUXCY:CI->O           1   0.019   0.000  Msub_GND_5_o_GND_5_o_sub_56_OUT<52:0>_cy<38> (Msub_GND_5_o_GND_5_o_sub_56_OUT<52:0>_cy<38>)
     MUXCY:CI->O           1   0.019   0.000  Msub_GND_5_o_GND_5_o_sub_56_OUT<52:0>_cy<39> (Msub_GND_5_o_GND_5_o_sub_56_OUT<52:0>_cy<39>)
     MUXCY:CI->O           1   0.019   0.000  Msub_GND_5_o_GND_5_o_sub_56_OUT<52:0>_cy<40> (Msub_GND_5_o_GND_5_o_sub_56_OUT<52:0>_cy<40>)
     MUXCY:CI->O           1   0.019   0.000  Msub_GND_5_o_GND_5_o_sub_56_OUT<52:0>_cy<41> (Msub_GND_5_o_GND_5_o_sub_56_OUT<52:0>_cy<41>)
     MUXCY:CI->O           1   0.019   0.000  Msub_GND_5_o_GND_5_o_sub_56_OUT<52:0>_cy<42> (Msub_GND_5_o_GND_5_o_sub_56_OUT<52:0>_cy<42>)
     MUXCY:CI->O           1   0.019   0.000  Msub_GND_5_o_GND_5_o_sub_56_OUT<52:0>_cy<43> (Msub_GND_5_o_GND_5_o_sub_56_OUT<52:0>_cy<43>)
     MUXCY:CI->O           1   0.019   0.000  Msub_GND_5_o_GND_5_o_sub_56_OUT<52:0>_cy<44> (Msub_GND_5_o_GND_5_o_sub_56_OUT<52:0>_cy<44>)
     MUXCY:CI->O           1   0.019   0.000  Msub_GND_5_o_GND_5_o_sub_56_OUT<52:0>_cy<45> (Msub_GND_5_o_GND_5_o_sub_56_OUT<52:0>_cy<45>)
     MUXCY:CI->O           1   0.019   0.000  Msub_GND_5_o_GND_5_o_sub_56_OUT<52:0>_cy<46> (Msub_GND_5_o_GND_5_o_sub_56_OUT<52:0>_cy<46>)
     MUXCY:CI->O           1   0.019   0.000  Msub_GND_5_o_GND_5_o_sub_56_OUT<52:0>_cy<47> (Msub_GND_5_o_GND_5_o_sub_56_OUT<52:0>_cy<47>)
     MUXCY:CI->O           1   0.019   0.000  Msub_GND_5_o_GND_5_o_sub_56_OUT<52:0>_cy<48> (Msub_GND_5_o_GND_5_o_sub_56_OUT<52:0>_cy<48>)
     MUXCY:CI->O           1   0.019   0.000  Msub_GND_5_o_GND_5_o_sub_56_OUT<52:0>_cy<49> (Msub_GND_5_o_GND_5_o_sub_56_OUT<52:0>_cy<49>)
     MUXCY:CI->O           1   0.019   0.000  Msub_GND_5_o_GND_5_o_sub_56_OUT<52:0>_cy<50> (Msub_GND_5_o_GND_5_o_sub_56_OUT<52:0>_cy<50>)
     MUXCY:CI->O           0   0.019   0.000  Msub_GND_5_o_GND_5_o_sub_56_OUT<52:0>_cy<51> (Msub_GND_5_o_GND_5_o_sub_56_OUT<52:0>_cy<51>)
     XORCY:CI->O          69   0.180   2.017  Msub_GND_5_o_GND_5_o_sub_56_OUT<52:0>_xor<52> (GND_5_o_GND_5_o_sub_56_OUT<52>)
     LUT5:I0->O            4   0.203   0.683  Mmux_PWR_5_o_GND_5_o_mux_57_OUT241 (PWR_5_o_GND_5_o_mux_57_OUT<30>)
     MUXCY:DI->O           1   0.145   0.000  Msub_GND_5_o_GND_5_o_sub_61_OUT<52:0>_cy<30> (Msub_GND_5_o_GND_5_o_sub_61_OUT<52:0>_cy<30>)
     MUXCY:CI->O           1   0.019   0.000  Msub_GND_5_o_GND_5_o_sub_61_OUT<52:0>_cy<31> (Msub_GND_5_o_GND_5_o_sub_61_OUT<52:0>_cy<31>)
     MUXCY:CI->O           1   0.019   0.000  Msub_GND_5_o_GND_5_o_sub_61_OUT<52:0>_cy<32> (Msub_GND_5_o_GND_5_o_sub_61_OUT<52:0>_cy<32>)
     MUXCY:CI->O           1   0.019   0.000  Msub_GND_5_o_GND_5_o_sub_61_OUT<52:0>_cy<33> (Msub_GND_5_o_GND_5_o_sub_61_OUT<52:0>_cy<33>)
     MUXCY:CI->O           1   0.019   0.000  Msub_GND_5_o_GND_5_o_sub_61_OUT<52:0>_cy<34> (Msub_GND_5_o_GND_5_o_sub_61_OUT<52:0>_cy<34>)
     MUXCY:CI->O           1   0.019   0.000  Msub_GND_5_o_GND_5_o_sub_61_OUT<52:0>_cy<35> (Msub_GND_5_o_GND_5_o_sub_61_OUT<52:0>_cy<35>)
     MUXCY:CI->O           1   0.019   0.000  Msub_GND_5_o_GND_5_o_sub_61_OUT<52:0>_cy<36> (Msub_GND_5_o_GND_5_o_sub_61_OUT<52:0>_cy<36>)
     MUXCY:CI->O           1   0.019   0.000  Msub_GND_5_o_GND_5_o_sub_61_OUT<52:0>_cy<37> (Msub_GND_5_o_GND_5_o_sub_61_OUT<52:0>_cy<37>)
     MUXCY:CI->O           1   0.019   0.000  Msub_GND_5_o_GND_5_o_sub_61_OUT<52:0>_cy<38> (Msub_GND_5_o_GND_5_o_sub_61_OUT<52:0>_cy<38>)
     MUXCY:CI->O           1   0.019   0.000  Msub_GND_5_o_GND_5_o_sub_61_OUT<52:0>_cy<39> (Msub_GND_5_o_GND_5_o_sub_61_OUT<52:0>_cy<39>)
     MUXCY:CI->O           1   0.019   0.000  Msub_GND_5_o_GND_5_o_sub_61_OUT<52:0>_cy<40> (Msub_GND_5_o_GND_5_o_sub_61_OUT<52:0>_cy<40>)
     MUXCY:CI->O           1   0.019   0.000  Msub_GND_5_o_GND_5_o_sub_61_OUT<52:0>_cy<41> (Msub_GND_5_o_GND_5_o_sub_61_OUT<52:0>_cy<41>)
     MUXCY:CI->O           1   0.019   0.000  Msub_GND_5_o_GND_5_o_sub_61_OUT<52:0>_cy<42> (Msub_GND_5_o_GND_5_o_sub_61_OUT<52:0>_cy<42>)
     MUXCY:CI->O           1   0.019   0.000  Msub_GND_5_o_GND_5_o_sub_61_OUT<52:0>_cy<43> (Msub_GND_5_o_GND_5_o_sub_61_OUT<52:0>_cy<43>)
     MUXCY:CI->O           1   0.019   0.000  Msub_GND_5_o_GND_5_o_sub_61_OUT<52:0>_cy<44> (Msub_GND_5_o_GND_5_o_sub_61_OUT<52:0>_cy<44>)
     MUXCY:CI->O           1   0.019   0.000  Msub_GND_5_o_GND_5_o_sub_61_OUT<52:0>_cy<45> (Msub_GND_5_o_GND_5_o_sub_61_OUT<52:0>_cy<45>)
     MUXCY:CI->O           1   0.019   0.000  Msub_GND_5_o_GND_5_o_sub_61_OUT<52:0>_cy<46> (Msub_GND_5_o_GND_5_o_sub_61_OUT<52:0>_cy<46>)
     MUXCY:CI->O           1   0.019   0.000  Msub_GND_5_o_GND_5_o_sub_61_OUT<52:0>_cy<47> (Msub_GND_5_o_GND_5_o_sub_61_OUT<52:0>_cy<47>)
     MUXCY:CI->O           1   0.019   0.000  Msub_GND_5_o_GND_5_o_sub_61_OUT<52:0>_cy<48> (Msub_GND_5_o_GND_5_o_sub_61_OUT<52:0>_cy<48>)
     MUXCY:CI->O           1   0.019   0.000  Msub_GND_5_o_GND_5_o_sub_61_OUT<52:0>_cy<49> (Msub_GND_5_o_GND_5_o_sub_61_OUT<52:0>_cy<49>)
     MUXCY:CI->O           1   0.019   0.000  Msub_GND_5_o_GND_5_o_sub_61_OUT<52:0>_cy<50> (Msub_GND_5_o_GND_5_o_sub_61_OUT<52:0>_cy<50>)
     MUXCY:CI->O           0   0.019   0.000  Msub_GND_5_o_GND_5_o_sub_61_OUT<52:0>_cy<51> (Msub_GND_5_o_GND_5_o_sub_61_OUT<52:0>_cy<51>)
     XORCY:CI->O          87   0.180   2.136  Msub_GND_5_o_GND_5_o_sub_61_OUT<52:0>_xor<52> (GND_5_o_GND_5_o_sub_61_OUT<52>)
     LUT5:I0->O            4   0.203   0.683  Mmux_PWR_5_o_GND_5_o_mux_62_OUT211 (PWR_5_o_GND_5_o_mux_62_OUT<28>)
     MUXCY:DI->O           1   0.145   0.000  Msub_GND_5_o_GND_5_o_sub_66_OUT<52:0>_cy<28> (Msub_GND_5_o_GND_5_o_sub_66_OUT<52:0>_cy<28>)
     MUXCY:CI->O           1   0.019   0.000  Msub_GND_5_o_GND_5_o_sub_66_OUT<52:0>_cy<29> (Msub_GND_5_o_GND_5_o_sub_66_OUT<52:0>_cy<29>)
     MUXCY:CI->O           1   0.019   0.000  Msub_GND_5_o_GND_5_o_sub_66_OUT<52:0>_cy<30> (Msub_GND_5_o_GND_5_o_sub_66_OUT<52:0>_cy<30>)
     MUXCY:CI->O           1   0.019   0.000  Msub_GND_5_o_GND_5_o_sub_66_OUT<52:0>_cy<31> (Msub_GND_5_o_GND_5_o_sub_66_OUT<52:0>_cy<31>)
     MUXCY:CI->O           1   0.019   0.000  Msub_GND_5_o_GND_5_o_sub_66_OUT<52:0>_cy<32> (Msub_GND_5_o_GND_5_o_sub_66_OUT<52:0>_cy<32>)
     MUXCY:CI->O           1   0.019   0.000  Msub_GND_5_o_GND_5_o_sub_66_OUT<52:0>_cy<33> (Msub_GND_5_o_GND_5_o_sub_66_OUT<52:0>_cy<33>)
     MUXCY:CI->O           1   0.019   0.000  Msub_GND_5_o_GND_5_o_sub_66_OUT<52:0>_cy<34> (Msub_GND_5_o_GND_5_o_sub_66_OUT<52:0>_cy<34>)
     MUXCY:CI->O           1   0.019   0.000  Msub_GND_5_o_GND_5_o_sub_66_OUT<52:0>_cy<35> (Msub_GND_5_o_GND_5_o_sub_66_OUT<52:0>_cy<35>)
     MUXCY:CI->O           1   0.019   0.000  Msub_GND_5_o_GND_5_o_sub_66_OUT<52:0>_cy<36> (Msub_GND_5_o_GND_5_o_sub_66_OUT<52:0>_cy<36>)
     MUXCY:CI->O           1   0.019   0.000  Msub_GND_5_o_GND_5_o_sub_66_OUT<52:0>_cy<37> (Msub_GND_5_o_GND_5_o_sub_66_OUT<52:0>_cy<37>)
     MUXCY:CI->O           1   0.019   0.000  Msub_GND_5_o_GND_5_o_sub_66_OUT<52:0>_cy<38> (Msub_GND_5_o_GND_5_o_sub_66_OUT<52:0>_cy<38>)
     MUXCY:CI->O           1   0.019   0.000  Msub_GND_5_o_GND_5_o_sub_66_OUT<52:0>_cy<39> (Msub_GND_5_o_GND_5_o_sub_66_OUT<52:0>_cy<39>)
     MUXCY:CI->O           1   0.019   0.000  Msub_GND_5_o_GND_5_o_sub_66_OUT<52:0>_cy<40> (Msub_GND_5_o_GND_5_o_sub_66_OUT<52:0>_cy<40>)
     MUXCY:CI->O           1   0.019   0.000  Msub_GND_5_o_GND_5_o_sub_66_OUT<52:0>_cy<41> (Msub_GND_5_o_GND_5_o_sub_66_OUT<52:0>_cy<41>)
     MUXCY:CI->O           1   0.019   0.000  Msub_GND_5_o_GND_5_o_sub_66_OUT<52:0>_cy<42> (Msub_GND_5_o_GND_5_o_sub_66_OUT<52:0>_cy<42>)
     MUXCY:CI->O           1   0.019   0.000  Msub_GND_5_o_GND_5_o_sub_66_OUT<52:0>_cy<43> (Msub_GND_5_o_GND_5_o_sub_66_OUT<52:0>_cy<43>)
     MUXCY:CI->O           1   0.019   0.000  Msub_GND_5_o_GND_5_o_sub_66_OUT<52:0>_cy<44> (Msub_GND_5_o_GND_5_o_sub_66_OUT<52:0>_cy<44>)
     MUXCY:CI->O           1   0.019   0.000  Msub_GND_5_o_GND_5_o_sub_66_OUT<52:0>_cy<45> (Msub_GND_5_o_GND_5_o_sub_66_OUT<52:0>_cy<45>)
     MUXCY:CI->O           1   0.019   0.000  Msub_GND_5_o_GND_5_o_sub_66_OUT<52:0>_cy<46> (Msub_GND_5_o_GND_5_o_sub_66_OUT<52:0>_cy<46>)
     MUXCY:CI->O           1   0.019   0.000  Msub_GND_5_o_GND_5_o_sub_66_OUT<52:0>_cy<47> (Msub_GND_5_o_GND_5_o_sub_66_OUT<52:0>_cy<47>)
     MUXCY:CI->O           1   0.019   0.000  Msub_GND_5_o_GND_5_o_sub_66_OUT<52:0>_cy<48> (Msub_GND_5_o_GND_5_o_sub_66_OUT<52:0>_cy<48>)
     MUXCY:CI->O           1   0.019   0.000  Msub_GND_5_o_GND_5_o_sub_66_OUT<52:0>_cy<49> (Msub_GND_5_o_GND_5_o_sub_66_OUT<52:0>_cy<49>)
     MUXCY:CI->O           1   0.019   0.000  Msub_GND_5_o_GND_5_o_sub_66_OUT<52:0>_cy<50> (Msub_GND_5_o_GND_5_o_sub_66_OUT<52:0>_cy<50>)
     MUXCY:CI->O           0   0.019   0.000  Msub_GND_5_o_GND_5_o_sub_66_OUT<52:0>_cy<51> (Msub_GND_5_o_GND_5_o_sub_66_OUT<52:0>_cy<51>)
     XORCY:CI->O          80   0.180   2.090  Msub_GND_5_o_GND_5_o_sub_66_OUT<52:0>_xor<52> (GND_5_o_GND_5_o_sub_66_OUT<52>)
     LUT5:I0->O            4   0.203   0.683  Mmux_PWR_5_o_GND_5_o_mux_67_OUT221 (PWR_5_o_GND_5_o_mux_67_OUT<29>)
     MUXCY:DI->O           1   0.145   0.000  Msub_GND_5_o_GND_5_o_sub_71_OUT<52:0>_cy<29> (Msub_GND_5_o_GND_5_o_sub_71_OUT<52:0>_cy<29>)
     MUXCY:CI->O           1   0.019   0.000  Msub_GND_5_o_GND_5_o_sub_71_OUT<52:0>_cy<30> (Msub_GND_5_o_GND_5_o_sub_71_OUT<52:0>_cy<30>)
     MUXCY:CI->O           1   0.019   0.000  Msub_GND_5_o_GND_5_o_sub_71_OUT<52:0>_cy<31> (Msub_GND_5_o_GND_5_o_sub_71_OUT<52:0>_cy<31>)
     MUXCY:CI->O           1   0.019   0.000  Msub_GND_5_o_GND_5_o_sub_71_OUT<52:0>_cy<32> (Msub_GND_5_o_GND_5_o_sub_71_OUT<52:0>_cy<32>)
     MUXCY:CI->O           1   0.019   0.000  Msub_GND_5_o_GND_5_o_sub_71_OUT<52:0>_cy<33> (Msub_GND_5_o_GND_5_o_sub_71_OUT<52:0>_cy<33>)
     MUXCY:CI->O           1   0.019   0.000  Msub_GND_5_o_GND_5_o_sub_71_OUT<52:0>_cy<34> (Msub_GND_5_o_GND_5_o_sub_71_OUT<52:0>_cy<34>)
     MUXCY:CI->O           1   0.019   0.000  Msub_GND_5_o_GND_5_o_sub_71_OUT<52:0>_cy<35> (Msub_GND_5_o_GND_5_o_sub_71_OUT<52:0>_cy<35>)
     MUXCY:CI->O           1   0.019   0.000  Msub_GND_5_o_GND_5_o_sub_71_OUT<52:0>_cy<36> (Msub_GND_5_o_GND_5_o_sub_71_OUT<52:0>_cy<36>)
     MUXCY:CI->O           1   0.019   0.000  Msub_GND_5_o_GND_5_o_sub_71_OUT<52:0>_cy<37> (Msub_GND_5_o_GND_5_o_sub_71_OUT<52:0>_cy<37>)
     MUXCY:CI->O           1   0.019   0.000  Msub_GND_5_o_GND_5_o_sub_71_OUT<52:0>_cy<38> (Msub_GND_5_o_GND_5_o_sub_71_OUT<52:0>_cy<38>)
     MUXCY:CI->O           1   0.019   0.000  Msub_GND_5_o_GND_5_o_sub_71_OUT<52:0>_cy<39> (Msub_GND_5_o_GND_5_o_sub_71_OUT<52:0>_cy<39>)
     MUXCY:CI->O           1   0.019   0.000  Msub_GND_5_o_GND_5_o_sub_71_OUT<52:0>_cy<40> (Msub_GND_5_o_GND_5_o_sub_71_OUT<52:0>_cy<40>)
     MUXCY:CI->O           1   0.019   0.000  Msub_GND_5_o_GND_5_o_sub_71_OUT<52:0>_cy<41> (Msub_GND_5_o_GND_5_o_sub_71_OUT<52:0>_cy<41>)
     MUXCY:CI->O           1   0.019   0.000  Msub_GND_5_o_GND_5_o_sub_71_OUT<52:0>_cy<42> (Msub_GND_5_o_GND_5_o_sub_71_OUT<52:0>_cy<42>)
     MUXCY:CI->O           1   0.019   0.000  Msub_GND_5_o_GND_5_o_sub_71_OUT<52:0>_cy<43> (Msub_GND_5_o_GND_5_o_sub_71_OUT<52:0>_cy<43>)
     MUXCY:CI->O           1   0.019   0.000  Msub_GND_5_o_GND_5_o_sub_71_OUT<52:0>_cy<44> (Msub_GND_5_o_GND_5_o_sub_71_OUT<52:0>_cy<44>)
     MUXCY:CI->O           1   0.019   0.000  Msub_GND_5_o_GND_5_o_sub_71_OUT<52:0>_cy<45> (Msub_GND_5_o_GND_5_o_sub_71_OUT<52:0>_cy<45>)
     MUXCY:CI->O           1   0.019   0.000  Msub_GND_5_o_GND_5_o_sub_71_OUT<52:0>_cy<46> (Msub_GND_5_o_GND_5_o_sub_71_OUT<52:0>_cy<46>)
     MUXCY:CI->O           1   0.019   0.000  Msub_GND_5_o_GND_5_o_sub_71_OUT<52:0>_cy<47> (Msub_GND_5_o_GND_5_o_sub_71_OUT<52:0>_cy<47>)
     MUXCY:CI->O           1   0.019   0.000  Msub_GND_5_o_GND_5_o_sub_71_OUT<52:0>_cy<48> (Msub_GND_5_o_GND_5_o_sub_71_OUT<52:0>_cy<48>)
     MUXCY:CI->O           1   0.019   0.000  Msub_GND_5_o_GND_5_o_sub_71_OUT<52:0>_cy<49> (Msub_GND_5_o_GND_5_o_sub_71_OUT<52:0>_cy<49>)
     MUXCY:CI->O           1   0.019   0.000  Msub_GND_5_o_GND_5_o_sub_71_OUT<52:0>_cy<50> (Msub_GND_5_o_GND_5_o_sub_71_OUT<52:0>_cy<50>)
     MUXCY:CI->O           0   0.019   0.000  Msub_GND_5_o_GND_5_o_sub_71_OUT<52:0>_cy<51> (Msub_GND_5_o_GND_5_o_sub_71_OUT<52:0>_cy<51>)
     XORCY:CI->O         107   0.180   2.240  Msub_GND_5_o_GND_5_o_sub_71_OUT<52:0>_xor<52> (GND_5_o_GND_5_o_sub_71_OUT<52>)
     LUT5:I0->O            4   0.203   0.683  Mmux_PWR_5_o_GND_5_o_mux_72_OUT261 (PWR_5_o_GND_5_o_mux_72_OUT<32>)
     MUXCY:DI->O           1   0.145   0.000  Msub_GND_5_o_GND_5_o_sub_76_OUT<52:0>_cy<32> (Msub_GND_5_o_GND_5_o_sub_76_OUT<52:0>_cy<32>)
     MUXCY:CI->O           1   0.019   0.000  Msub_GND_5_o_GND_5_o_sub_76_OUT<52:0>_cy<33> (Msub_GND_5_o_GND_5_o_sub_76_OUT<52:0>_cy<33>)
     MUXCY:CI->O           1   0.019   0.000  Msub_GND_5_o_GND_5_o_sub_76_OUT<52:0>_cy<34> (Msub_GND_5_o_GND_5_o_sub_76_OUT<52:0>_cy<34>)
     MUXCY:CI->O           1   0.019   0.000  Msub_GND_5_o_GND_5_o_sub_76_OUT<52:0>_cy<35> (Msub_GND_5_o_GND_5_o_sub_76_OUT<52:0>_cy<35>)
     MUXCY:CI->O           1   0.019   0.000  Msub_GND_5_o_GND_5_o_sub_76_OUT<52:0>_cy<36> (Msub_GND_5_o_GND_5_o_sub_76_OUT<52:0>_cy<36>)
     MUXCY:CI->O           1   0.019   0.000  Msub_GND_5_o_GND_5_o_sub_76_OUT<52:0>_cy<37> (Msub_GND_5_o_GND_5_o_sub_76_OUT<52:0>_cy<37>)
     MUXCY:CI->O           1   0.019   0.000  Msub_GND_5_o_GND_5_o_sub_76_OUT<52:0>_cy<38> (Msub_GND_5_o_GND_5_o_sub_76_OUT<52:0>_cy<38>)
     MUXCY:CI->O           1   0.019   0.000  Msub_GND_5_o_GND_5_o_sub_76_OUT<52:0>_cy<39> (Msub_GND_5_o_GND_5_o_sub_76_OUT<52:0>_cy<39>)
     MUXCY:CI->O           1   0.019   0.000  Msub_GND_5_o_GND_5_o_sub_76_OUT<52:0>_cy<40> (Msub_GND_5_o_GND_5_o_sub_76_OUT<52:0>_cy<40>)
     MUXCY:CI->O           1   0.019   0.000  Msub_GND_5_o_GND_5_o_sub_76_OUT<52:0>_cy<41> (Msub_GND_5_o_GND_5_o_sub_76_OUT<52:0>_cy<41>)
     MUXCY:CI->O           1   0.019   0.000  Msub_GND_5_o_GND_5_o_sub_76_OUT<52:0>_cy<42> (Msub_GND_5_o_GND_5_o_sub_76_OUT<52:0>_cy<42>)
     MUXCY:CI->O           1   0.019   0.000  Msub_GND_5_o_GND_5_o_sub_76_OUT<52:0>_cy<43> (Msub_GND_5_o_GND_5_o_sub_76_OUT<52:0>_cy<43>)
     MUXCY:CI->O           1   0.019   0.000  Msub_GND_5_o_GND_5_o_sub_76_OUT<52:0>_cy<44> (Msub_GND_5_o_GND_5_o_sub_76_OUT<52:0>_cy<44>)
     MUXCY:CI->O           1   0.019   0.000  Msub_GND_5_o_GND_5_o_sub_76_OUT<52:0>_cy<45> (Msub_GND_5_o_GND_5_o_sub_76_OUT<52:0>_cy<45>)
     MUXCY:CI->O           1   0.019   0.000  Msub_GND_5_o_GND_5_o_sub_76_OUT<52:0>_cy<46> (Msub_GND_5_o_GND_5_o_sub_76_OUT<52:0>_cy<46>)
     MUXCY:CI->O           1   0.019   0.000  Msub_GND_5_o_GND_5_o_sub_76_OUT<52:0>_cy<47> (Msub_GND_5_o_GND_5_o_sub_76_OUT<52:0>_cy<47>)
     MUXCY:CI->O           1   0.019   0.000  Msub_GND_5_o_GND_5_o_sub_76_OUT<52:0>_cy<48> (Msub_GND_5_o_GND_5_o_sub_76_OUT<52:0>_cy<48>)
     MUXCY:CI->O           1   0.019   0.000  Msub_GND_5_o_GND_5_o_sub_76_OUT<52:0>_cy<49> (Msub_GND_5_o_GND_5_o_sub_76_OUT<52:0>_cy<49>)
     MUXCY:CI->O           1   0.019   0.000  Msub_GND_5_o_GND_5_o_sub_76_OUT<52:0>_cy<50> (Msub_GND_5_o_GND_5_o_sub_76_OUT<52:0>_cy<50>)
     MUXCY:CI->O           0   0.019   0.000  Msub_GND_5_o_GND_5_o_sub_76_OUT<52:0>_cy<51> (Msub_GND_5_o_GND_5_o_sub_76_OUT<52:0>_cy<51>)
     XORCY:CI->O          90   0.180   2.156  Msub_GND_5_o_GND_5_o_sub_76_OUT<52:0>_xor<52> (GND_5_o_GND_5_o_sub_76_OUT<52>)
     LUT5:I0->O            4   0.203   0.683  Mmux_PWR_5_o_GND_5_o_mux_77_OUT201 (PWR_5_o_GND_5_o_mux_77_OUT<27>)
     MUXCY:DI->O           1   0.145   0.000  Msub_GND_5_o_GND_5_o_sub_81_OUT<52:0>_cy<27> (Msub_GND_5_o_GND_5_o_sub_81_OUT<52:0>_cy<27>)
     MUXCY:CI->O           1   0.019   0.000  Msub_GND_5_o_GND_5_o_sub_81_OUT<52:0>_cy<28> (Msub_GND_5_o_GND_5_o_sub_81_OUT<52:0>_cy<28>)
     MUXCY:CI->O           1   0.019   0.000  Msub_GND_5_o_GND_5_o_sub_81_OUT<52:0>_cy<29> (Msub_GND_5_o_GND_5_o_sub_81_OUT<52:0>_cy<29>)
     MUXCY:CI->O           1   0.019   0.000  Msub_GND_5_o_GND_5_o_sub_81_OUT<52:0>_cy<30> (Msub_GND_5_o_GND_5_o_sub_81_OUT<52:0>_cy<30>)
     MUXCY:CI->O           1   0.019   0.000  Msub_GND_5_o_GND_5_o_sub_81_OUT<52:0>_cy<31> (Msub_GND_5_o_GND_5_o_sub_81_OUT<52:0>_cy<31>)
     MUXCY:CI->O           1   0.019   0.000  Msub_GND_5_o_GND_5_o_sub_81_OUT<52:0>_cy<32> (Msub_GND_5_o_GND_5_o_sub_81_OUT<52:0>_cy<32>)
     MUXCY:CI->O           1   0.019   0.000  Msub_GND_5_o_GND_5_o_sub_81_OUT<52:0>_cy<33> (Msub_GND_5_o_GND_5_o_sub_81_OUT<52:0>_cy<33>)
     MUXCY:CI->O           1   0.019   0.000  Msub_GND_5_o_GND_5_o_sub_81_OUT<52:0>_cy<34> (Msub_GND_5_o_GND_5_o_sub_81_OUT<52:0>_cy<34>)
     MUXCY:CI->O           1   0.019   0.000  Msub_GND_5_o_GND_5_o_sub_81_OUT<52:0>_cy<35> (Msub_GND_5_o_GND_5_o_sub_81_OUT<52:0>_cy<35>)
     MUXCY:CI->O           1   0.019   0.000  Msub_GND_5_o_GND_5_o_sub_81_OUT<52:0>_cy<36> (Msub_GND_5_o_GND_5_o_sub_81_OUT<52:0>_cy<36>)
     MUXCY:CI->O           1   0.019   0.000  Msub_GND_5_o_GND_5_o_sub_81_OUT<52:0>_cy<37> (Msub_GND_5_o_GND_5_o_sub_81_OUT<52:0>_cy<37>)
     MUXCY:CI->O           1   0.019   0.000  Msub_GND_5_o_GND_5_o_sub_81_OUT<52:0>_cy<38> (Msub_GND_5_o_GND_5_o_sub_81_OUT<52:0>_cy<38>)
     MUXCY:CI->O           1   0.019   0.000  Msub_GND_5_o_GND_5_o_sub_81_OUT<52:0>_cy<39> (Msub_GND_5_o_GND_5_o_sub_81_OUT<52:0>_cy<39>)
     MUXCY:CI->O           1   0.019   0.000  Msub_GND_5_o_GND_5_o_sub_81_OUT<52:0>_cy<40> (Msub_GND_5_o_GND_5_o_sub_81_OUT<52:0>_cy<40>)
     MUXCY:CI->O           1   0.019   0.000  Msub_GND_5_o_GND_5_o_sub_81_OUT<52:0>_cy<41> (Msub_GND_5_o_GND_5_o_sub_81_OUT<52:0>_cy<41>)
     MUXCY:CI->O           1   0.019   0.000  Msub_GND_5_o_GND_5_o_sub_81_OUT<52:0>_cy<42> (Msub_GND_5_o_GND_5_o_sub_81_OUT<52:0>_cy<42>)
     MUXCY:CI->O           1   0.019   0.000  Msub_GND_5_o_GND_5_o_sub_81_OUT<52:0>_cy<43> (Msub_GND_5_o_GND_5_o_sub_81_OUT<52:0>_cy<43>)
     MUXCY:CI->O           1   0.019   0.000  Msub_GND_5_o_GND_5_o_sub_81_OUT<52:0>_cy<44> (Msub_GND_5_o_GND_5_o_sub_81_OUT<52:0>_cy<44>)
     MUXCY:CI->O           1   0.019   0.000  Msub_GND_5_o_GND_5_o_sub_81_OUT<52:0>_cy<45> (Msub_GND_5_o_GND_5_o_sub_81_OUT<52:0>_cy<45>)
     MUXCY:CI->O           1   0.019   0.000  Msub_GND_5_o_GND_5_o_sub_81_OUT<52:0>_cy<46> (Msub_GND_5_o_GND_5_o_sub_81_OUT<52:0>_cy<46>)
     MUXCY:CI->O           1   0.019   0.000  Msub_GND_5_o_GND_5_o_sub_81_OUT<52:0>_cy<47> (Msub_GND_5_o_GND_5_o_sub_81_OUT<52:0>_cy<47>)
     MUXCY:CI->O           1   0.019   0.000  Msub_GND_5_o_GND_5_o_sub_81_OUT<52:0>_cy<48> (Msub_GND_5_o_GND_5_o_sub_81_OUT<52:0>_cy<48>)
     MUXCY:CI->O           1   0.019   0.000  Msub_GND_5_o_GND_5_o_sub_81_OUT<52:0>_cy<49> (Msub_GND_5_o_GND_5_o_sub_81_OUT<52:0>_cy<49>)
     MUXCY:CI->O           1   0.019   0.000  Msub_GND_5_o_GND_5_o_sub_81_OUT<52:0>_cy<50> (Msub_GND_5_o_GND_5_o_sub_81_OUT<52:0>_cy<50>)
     MUXCY:CI->O           0   0.019   0.000  Msub_GND_5_o_GND_5_o_sub_81_OUT<52:0>_cy<51> (Msub_GND_5_o_GND_5_o_sub_81_OUT<52:0>_cy<51>)
     XORCY:CI->O         120   0.180   2.274  Msub_GND_5_o_GND_5_o_sub_81_OUT<52:0>_xor<52> (GND_5_o_GND_5_o_sub_81_OUT<52>)
     LUT5:I0->O            4   0.203   0.683  Mmux_PWR_5_o_GND_5_o_mux_82_OUT261 (PWR_5_o_GND_5_o_mux_82_OUT<32>)
     MUXCY:DI->O           1   0.145   0.000  Msub_GND_5_o_GND_5_o_sub_86_OUT<52:0>_cy<32> (Msub_GND_5_o_GND_5_o_sub_86_OUT<52:0>_cy<32>)
     MUXCY:CI->O           1   0.019   0.000  Msub_GND_5_o_GND_5_o_sub_86_OUT<52:0>_cy<33> (Msub_GND_5_o_GND_5_o_sub_86_OUT<52:0>_cy<33>)
     MUXCY:CI->O           1   0.019   0.000  Msub_GND_5_o_GND_5_o_sub_86_OUT<52:0>_cy<34> (Msub_GND_5_o_GND_5_o_sub_86_OUT<52:0>_cy<34>)
     MUXCY:CI->O           1   0.019   0.000  Msub_GND_5_o_GND_5_o_sub_86_OUT<52:0>_cy<35> (Msub_GND_5_o_GND_5_o_sub_86_OUT<52:0>_cy<35>)
     MUXCY:CI->O           1   0.019   0.000  Msub_GND_5_o_GND_5_o_sub_86_OUT<52:0>_cy<36> (Msub_GND_5_o_GND_5_o_sub_86_OUT<52:0>_cy<36>)
     MUXCY:CI->O           1   0.019   0.000  Msub_GND_5_o_GND_5_o_sub_86_OUT<52:0>_cy<37> (Msub_GND_5_o_GND_5_o_sub_86_OUT<52:0>_cy<37>)
     MUXCY:CI->O           1   0.019   0.000  Msub_GND_5_o_GND_5_o_sub_86_OUT<52:0>_cy<38> (Msub_GND_5_o_GND_5_o_sub_86_OUT<52:0>_cy<38>)
     MUXCY:CI->O           1   0.019   0.000  Msub_GND_5_o_GND_5_o_sub_86_OUT<52:0>_cy<39> (Msub_GND_5_o_GND_5_o_sub_86_OUT<52:0>_cy<39>)
     MUXCY:CI->O           1   0.019   0.000  Msub_GND_5_o_GND_5_o_sub_86_OUT<52:0>_cy<40> (Msub_GND_5_o_GND_5_o_sub_86_OUT<52:0>_cy<40>)
     MUXCY:CI->O           1   0.019   0.000  Msub_GND_5_o_GND_5_o_sub_86_OUT<52:0>_cy<41> (Msub_GND_5_o_GND_5_o_sub_86_OUT<52:0>_cy<41>)
     MUXCY:CI->O           1   0.019   0.000  Msub_GND_5_o_GND_5_o_sub_86_OUT<52:0>_cy<42> (Msub_GND_5_o_GND_5_o_sub_86_OUT<52:0>_cy<42>)
     MUXCY:CI->O           1   0.019   0.000  Msub_GND_5_o_GND_5_o_sub_86_OUT<52:0>_cy<43> (Msub_GND_5_o_GND_5_o_sub_86_OUT<52:0>_cy<43>)
     MUXCY:CI->O           1   0.019   0.000  Msub_GND_5_o_GND_5_o_sub_86_OUT<52:0>_cy<44> (Msub_GND_5_o_GND_5_o_sub_86_OUT<52:0>_cy<44>)
     MUXCY:CI->O           1   0.019   0.000  Msub_GND_5_o_GND_5_o_sub_86_OUT<52:0>_cy<45> (Msub_GND_5_o_GND_5_o_sub_86_OUT<52:0>_cy<45>)
     MUXCY:CI->O           1   0.019   0.000  Msub_GND_5_o_GND_5_o_sub_86_OUT<52:0>_cy<46> (Msub_GND_5_o_GND_5_o_sub_86_OUT<52:0>_cy<46>)
     MUXCY:CI->O           1   0.019   0.000  Msub_GND_5_o_GND_5_o_sub_86_OUT<52:0>_cy<47> (Msub_GND_5_o_GND_5_o_sub_86_OUT<52:0>_cy<47>)
     MUXCY:CI->O           1   0.019   0.000  Msub_GND_5_o_GND_5_o_sub_86_OUT<52:0>_cy<48> (Msub_GND_5_o_GND_5_o_sub_86_OUT<52:0>_cy<48>)
     MUXCY:CI->O           1   0.019   0.000  Msub_GND_5_o_GND_5_o_sub_86_OUT<52:0>_cy<49> (Msub_GND_5_o_GND_5_o_sub_86_OUT<52:0>_cy<49>)
     MUXCY:CI->O           1   0.019   0.000  Msub_GND_5_o_GND_5_o_sub_86_OUT<52:0>_cy<50> (Msub_GND_5_o_GND_5_o_sub_86_OUT<52:0>_cy<50>)
     MUXCY:CI->O           0   0.019   0.000  Msub_GND_5_o_GND_5_o_sub_86_OUT<52:0>_cy<51> (Msub_GND_5_o_GND_5_o_sub_86_OUT<52:0>_cy<51>)
     XORCY:CI->O          94   0.180   2.202  Msub_GND_5_o_GND_5_o_sub_86_OUT<52:0>_xor<52> (GND_5_o_GND_5_o_sub_86_OUT<52>)
     LUT6:I0->O            4   0.203   0.683  Mmux_PWR_5_o_GND_5_o_mux_87_OUT171 (PWR_5_o_GND_5_o_mux_87_OUT<24>)
     MUXCY:DI->O           1   0.145   0.000  Msub_GND_5_o_GND_5_o_sub_91_OUT<52:0>_cy<24> (Msub_GND_5_o_GND_5_o_sub_91_OUT<52:0>_cy<24>)
     MUXCY:CI->O           1   0.019   0.000  Msub_GND_5_o_GND_5_o_sub_91_OUT<52:0>_cy<25> (Msub_GND_5_o_GND_5_o_sub_91_OUT<52:0>_cy<25>)
     MUXCY:CI->O           1   0.019   0.000  Msub_GND_5_o_GND_5_o_sub_91_OUT<52:0>_cy<26> (Msub_GND_5_o_GND_5_o_sub_91_OUT<52:0>_cy<26>)
     MUXCY:CI->O           1   0.019   0.000  Msub_GND_5_o_GND_5_o_sub_91_OUT<52:0>_cy<27> (Msub_GND_5_o_GND_5_o_sub_91_OUT<52:0>_cy<27>)
     MUXCY:CI->O           1   0.019   0.000  Msub_GND_5_o_GND_5_o_sub_91_OUT<52:0>_cy<28> (Msub_GND_5_o_GND_5_o_sub_91_OUT<52:0>_cy<28>)
     MUXCY:CI->O           1   0.019   0.000  Msub_GND_5_o_GND_5_o_sub_91_OUT<52:0>_cy<29> (Msub_GND_5_o_GND_5_o_sub_91_OUT<52:0>_cy<29>)
     MUXCY:CI->O           1   0.019   0.000  Msub_GND_5_o_GND_5_o_sub_91_OUT<52:0>_cy<30> (Msub_GND_5_o_GND_5_o_sub_91_OUT<52:0>_cy<30>)
     MUXCY:CI->O           1   0.019   0.000  Msub_GND_5_o_GND_5_o_sub_91_OUT<52:0>_cy<31> (Msub_GND_5_o_GND_5_o_sub_91_OUT<52:0>_cy<31>)
     MUXCY:CI->O           1   0.019   0.000  Msub_GND_5_o_GND_5_o_sub_91_OUT<52:0>_cy<32> (Msub_GND_5_o_GND_5_o_sub_91_OUT<52:0>_cy<32>)
     MUXCY:CI->O           1   0.019   0.000  Msub_GND_5_o_GND_5_o_sub_91_OUT<52:0>_cy<33> (Msub_GND_5_o_GND_5_o_sub_91_OUT<52:0>_cy<33>)
     MUXCY:CI->O           1   0.019   0.000  Msub_GND_5_o_GND_5_o_sub_91_OUT<52:0>_cy<34> (Msub_GND_5_o_GND_5_o_sub_91_OUT<52:0>_cy<34>)
     MUXCY:CI->O           1   0.019   0.000  Msub_GND_5_o_GND_5_o_sub_91_OUT<52:0>_cy<35> (Msub_GND_5_o_GND_5_o_sub_91_OUT<52:0>_cy<35>)
     MUXCY:CI->O           1   0.019   0.000  Msub_GND_5_o_GND_5_o_sub_91_OUT<52:0>_cy<36> (Msub_GND_5_o_GND_5_o_sub_91_OUT<52:0>_cy<36>)
     MUXCY:CI->O           1   0.019   0.000  Msub_GND_5_o_GND_5_o_sub_91_OUT<52:0>_cy<37> (Msub_GND_5_o_GND_5_o_sub_91_OUT<52:0>_cy<37>)
     MUXCY:CI->O           1   0.019   0.000  Msub_GND_5_o_GND_5_o_sub_91_OUT<52:0>_cy<38> (Msub_GND_5_o_GND_5_o_sub_91_OUT<52:0>_cy<38>)
     MUXCY:CI->O           1   0.019   0.000  Msub_GND_5_o_GND_5_o_sub_91_OUT<52:0>_cy<39> (Msub_GND_5_o_GND_5_o_sub_91_OUT<52:0>_cy<39>)
     MUXCY:CI->O           1   0.019   0.000  Msub_GND_5_o_GND_5_o_sub_91_OUT<52:0>_cy<40> (Msub_GND_5_o_GND_5_o_sub_91_OUT<52:0>_cy<40>)
     MUXCY:CI->O           1   0.019   0.000  Msub_GND_5_o_GND_5_o_sub_91_OUT<52:0>_cy<41> (Msub_GND_5_o_GND_5_o_sub_91_OUT<52:0>_cy<41>)
     MUXCY:CI->O           1   0.019   0.000  Msub_GND_5_o_GND_5_o_sub_91_OUT<52:0>_cy<42> (Msub_GND_5_o_GND_5_o_sub_91_OUT<52:0>_cy<42>)
     MUXCY:CI->O           1   0.019   0.000  Msub_GND_5_o_GND_5_o_sub_91_OUT<52:0>_cy<43> (Msub_GND_5_o_GND_5_o_sub_91_OUT<52:0>_cy<43>)
     MUXCY:CI->O           1   0.019   0.000  Msub_GND_5_o_GND_5_o_sub_91_OUT<52:0>_cy<44> (Msub_GND_5_o_GND_5_o_sub_91_OUT<52:0>_cy<44>)
     MUXCY:CI->O           1   0.019   0.000  Msub_GND_5_o_GND_5_o_sub_91_OUT<52:0>_cy<45> (Msub_GND_5_o_GND_5_o_sub_91_OUT<52:0>_cy<45>)
     MUXCY:CI->O           1   0.019   0.000  Msub_GND_5_o_GND_5_o_sub_91_OUT<52:0>_cy<46> (Msub_GND_5_o_GND_5_o_sub_91_OUT<52:0>_cy<46>)
     MUXCY:CI->O           1   0.019   0.000  Msub_GND_5_o_GND_5_o_sub_91_OUT<52:0>_cy<47> (Msub_GND_5_o_GND_5_o_sub_91_OUT<52:0>_cy<47>)
     MUXCY:CI->O           1   0.019   0.000  Msub_GND_5_o_GND_5_o_sub_91_OUT<52:0>_cy<48> (Msub_GND_5_o_GND_5_o_sub_91_OUT<52:0>_cy<48>)
     MUXCY:CI->O           1   0.019   0.000  Msub_GND_5_o_GND_5_o_sub_91_OUT<52:0>_cy<49> (Msub_GND_5_o_GND_5_o_sub_91_OUT<52:0>_cy<49>)
     MUXCY:CI->O           1   0.019   0.000  Msub_GND_5_o_GND_5_o_sub_91_OUT<52:0>_cy<50> (Msub_GND_5_o_GND_5_o_sub_91_OUT<52:0>_cy<50>)
     MUXCY:CI->O           0   0.019   0.000  Msub_GND_5_o_GND_5_o_sub_91_OUT<52:0>_cy<51> (Msub_GND_5_o_GND_5_o_sub_91_OUT<52:0>_cy<51>)
     XORCY:CI->O         134   0.180   2.214  Msub_GND_5_o_GND_5_o_sub_91_OUT<52:0>_xor<52> (GND_5_o_GND_5_o_sub_91_OUT<52>)
     LUT4:I0->O            1   0.203   0.579  Mmux_PWR_5_o_GND_5_o_mux_92_OUT131 (PWR_5_o_GND_5_o_mux_92_OUT<20>)
     MUXCY:DI->O           1   0.145   0.000  Msub_GND_5_o_GND_5_o_sub_96_OUT<52:0>_cy<20> (Msub_GND_5_o_GND_5_o_sub_96_OUT<52:0>_cy<20>)
     MUXCY:CI->O           1   0.019   0.000  Msub_GND_5_o_GND_5_o_sub_96_OUT<52:0>_cy<21> (Msub_GND_5_o_GND_5_o_sub_96_OUT<52:0>_cy<21>)
     MUXCY:CI->O           1   0.019   0.000  Msub_GND_5_o_GND_5_o_sub_96_OUT<52:0>_cy<22> (Msub_GND_5_o_GND_5_o_sub_96_OUT<52:0>_cy<22>)
     MUXCY:CI->O           1   0.019   0.000  Msub_GND_5_o_GND_5_o_sub_96_OUT<52:0>_cy<23> (Msub_GND_5_o_GND_5_o_sub_96_OUT<52:0>_cy<23>)
     MUXCY:CI->O           1   0.019   0.000  Msub_GND_5_o_GND_5_o_sub_96_OUT<52:0>_cy<24> (Msub_GND_5_o_GND_5_o_sub_96_OUT<52:0>_cy<24>)
     MUXCY:CI->O           1   0.019   0.000  Msub_GND_5_o_GND_5_o_sub_96_OUT<52:0>_cy<25> (Msub_GND_5_o_GND_5_o_sub_96_OUT<52:0>_cy<25>)
     MUXCY:CI->O           1   0.019   0.000  Msub_GND_5_o_GND_5_o_sub_96_OUT<52:0>_cy<26> (Msub_GND_5_o_GND_5_o_sub_96_OUT<52:0>_cy<26>)
     MUXCY:CI->O           1   0.019   0.000  Msub_GND_5_o_GND_5_o_sub_96_OUT<52:0>_cy<27> (Msub_GND_5_o_GND_5_o_sub_96_OUT<52:0>_cy<27>)
     MUXCY:CI->O           1   0.019   0.000  Msub_GND_5_o_GND_5_o_sub_96_OUT<52:0>_cy<28> (Msub_GND_5_o_GND_5_o_sub_96_OUT<52:0>_cy<28>)
     MUXCY:CI->O           1   0.019   0.000  Msub_GND_5_o_GND_5_o_sub_96_OUT<52:0>_cy<29> (Msub_GND_5_o_GND_5_o_sub_96_OUT<52:0>_cy<29>)
     MUXCY:CI->O           1   0.019   0.000  Msub_GND_5_o_GND_5_o_sub_96_OUT<52:0>_cy<30> (Msub_GND_5_o_GND_5_o_sub_96_OUT<52:0>_cy<30>)
     MUXCY:CI->O           1   0.019   0.000  Msub_GND_5_o_GND_5_o_sub_96_OUT<52:0>_cy<31> (Msub_GND_5_o_GND_5_o_sub_96_OUT<52:0>_cy<31>)
     MUXCY:CI->O           1   0.019   0.000  Msub_GND_5_o_GND_5_o_sub_96_OUT<52:0>_cy<32> (Msub_GND_5_o_GND_5_o_sub_96_OUT<52:0>_cy<32>)
     MUXCY:CI->O           1   0.019   0.000  Msub_GND_5_o_GND_5_o_sub_96_OUT<52:0>_cy<33> (Msub_GND_5_o_GND_5_o_sub_96_OUT<52:0>_cy<33>)
     MUXCY:CI->O           1   0.019   0.000  Msub_GND_5_o_GND_5_o_sub_96_OUT<52:0>_cy<34> (Msub_GND_5_o_GND_5_o_sub_96_OUT<52:0>_cy<34>)
     MUXCY:CI->O           1   0.019   0.000  Msub_GND_5_o_GND_5_o_sub_96_OUT<52:0>_cy<35> (Msub_GND_5_o_GND_5_o_sub_96_OUT<52:0>_cy<35>)
     MUXCY:CI->O           1   0.019   0.000  Msub_GND_5_o_GND_5_o_sub_96_OUT<52:0>_cy<36> (Msub_GND_5_o_GND_5_o_sub_96_OUT<52:0>_cy<36>)
     MUXCY:CI->O           1   0.019   0.000  Msub_GND_5_o_GND_5_o_sub_96_OUT<52:0>_cy<37> (Msub_GND_5_o_GND_5_o_sub_96_OUT<52:0>_cy<37>)
     MUXCY:CI->O           1   0.019   0.000  Msub_GND_5_o_GND_5_o_sub_96_OUT<52:0>_cy<38> (Msub_GND_5_o_GND_5_o_sub_96_OUT<52:0>_cy<38>)
     MUXCY:CI->O           1   0.019   0.000  Msub_GND_5_o_GND_5_o_sub_96_OUT<52:0>_cy<39> (Msub_GND_5_o_GND_5_o_sub_96_OUT<52:0>_cy<39>)
     MUXCY:CI->O           1   0.019   0.000  Msub_GND_5_o_GND_5_o_sub_96_OUT<52:0>_cy<40> (Msub_GND_5_o_GND_5_o_sub_96_OUT<52:0>_cy<40>)
     MUXCY:CI->O           1   0.019   0.000  Msub_GND_5_o_GND_5_o_sub_96_OUT<52:0>_cy<41> (Msub_GND_5_o_GND_5_o_sub_96_OUT<52:0>_cy<41>)
     MUXCY:CI->O           1   0.019   0.000  Msub_GND_5_o_GND_5_o_sub_96_OUT<52:0>_cy<42> (Msub_GND_5_o_GND_5_o_sub_96_OUT<52:0>_cy<42>)
     MUXCY:CI->O           1   0.019   0.000  Msub_GND_5_o_GND_5_o_sub_96_OUT<52:0>_cy<43> (Msub_GND_5_o_GND_5_o_sub_96_OUT<52:0>_cy<43>)
     MUXCY:CI->O           1   0.019   0.000  Msub_GND_5_o_GND_5_o_sub_96_OUT<52:0>_cy<44> (Msub_GND_5_o_GND_5_o_sub_96_OUT<52:0>_cy<44>)
     MUXCY:CI->O           1   0.019   0.000  Msub_GND_5_o_GND_5_o_sub_96_OUT<52:0>_cy<45> (Msub_GND_5_o_GND_5_o_sub_96_OUT<52:0>_cy<45>)
     MUXCY:CI->O           1   0.019   0.000  Msub_GND_5_o_GND_5_o_sub_96_OUT<52:0>_cy<46> (Msub_GND_5_o_GND_5_o_sub_96_OUT<52:0>_cy<46>)
     MUXCY:CI->O           1   0.019   0.000  Msub_GND_5_o_GND_5_o_sub_96_OUT<52:0>_cy<47> (Msub_GND_5_o_GND_5_o_sub_96_OUT<52:0>_cy<47>)
     MUXCY:CI->O           1   0.019   0.000  Msub_GND_5_o_GND_5_o_sub_96_OUT<52:0>_cy<48> (Msub_GND_5_o_GND_5_o_sub_96_OUT<52:0>_cy<48>)
     MUXCY:CI->O           1   0.019   0.000  Msub_GND_5_o_GND_5_o_sub_96_OUT<52:0>_cy<49> (Msub_GND_5_o_GND_5_o_sub_96_OUT<52:0>_cy<49>)
     MUXCY:CI->O           1   0.019   0.000  Msub_GND_5_o_GND_5_o_sub_96_OUT<52:0>_cy<50> (Msub_GND_5_o_GND_5_o_sub_96_OUT<52:0>_cy<50>)
     MUXCY:CI->O           0   0.019   0.000  Msub_GND_5_o_GND_5_o_sub_96_OUT<52:0>_cy<51> (Msub_GND_5_o_GND_5_o_sub_96_OUT<52:0>_cy<51>)
     XORCY:CI->O          98   0.180   2.229  Msub_GND_5_o_GND_5_o_sub_96_OUT<52:0>_xor<52> (GND_5_o_GND_5_o_sub_96_OUT<52>)
     LUT6:I0->O            4   0.203   0.683  Mmux_PWR_5_o_GND_5_o_mux_97_OUT131 (PWR_5_o_GND_5_o_mux_97_OUT<20>)
     MUXCY:DI->O           1   0.145   0.000  Msub_GND_5_o_GND_5_o_sub_101_OUT<52:0>_cy<20> (Msub_GND_5_o_GND_5_o_sub_101_OUT<52:0>_cy<20>)
     MUXCY:CI->O           1   0.019   0.000  Msub_GND_5_o_GND_5_o_sub_101_OUT<52:0>_cy<21> (Msub_GND_5_o_GND_5_o_sub_101_OUT<52:0>_cy<21>)
     MUXCY:CI->O           1   0.019   0.000  Msub_GND_5_o_GND_5_o_sub_101_OUT<52:0>_cy<22> (Msub_GND_5_o_GND_5_o_sub_101_OUT<52:0>_cy<22>)
     MUXCY:CI->O           1   0.019   0.000  Msub_GND_5_o_GND_5_o_sub_101_OUT<52:0>_cy<23> (Msub_GND_5_o_GND_5_o_sub_101_OUT<52:0>_cy<23>)
     MUXCY:CI->O           1   0.019   0.000  Msub_GND_5_o_GND_5_o_sub_101_OUT<52:0>_cy<24> (Msub_GND_5_o_GND_5_o_sub_101_OUT<52:0>_cy<24>)
     MUXCY:CI->O           1   0.019   0.000  Msub_GND_5_o_GND_5_o_sub_101_OUT<52:0>_cy<25> (Msub_GND_5_o_GND_5_o_sub_101_OUT<52:0>_cy<25>)
     MUXCY:CI->O           1   0.019   0.000  Msub_GND_5_o_GND_5_o_sub_101_OUT<52:0>_cy<26> (Msub_GND_5_o_GND_5_o_sub_101_OUT<52:0>_cy<26>)
     MUXCY:CI->O           1   0.019   0.000  Msub_GND_5_o_GND_5_o_sub_101_OUT<52:0>_cy<27> (Msub_GND_5_o_GND_5_o_sub_101_OUT<52:0>_cy<27>)
     MUXCY:CI->O           1   0.019   0.000  Msub_GND_5_o_GND_5_o_sub_101_OUT<52:0>_cy<28> (Msub_GND_5_o_GND_5_o_sub_101_OUT<52:0>_cy<28>)
     MUXCY:CI->O           1   0.019   0.000  Msub_GND_5_o_GND_5_o_sub_101_OUT<52:0>_cy<29> (Msub_GND_5_o_GND_5_o_sub_101_OUT<52:0>_cy<29>)
     MUXCY:CI->O           1   0.019   0.000  Msub_GND_5_o_GND_5_o_sub_101_OUT<52:0>_cy<30> (Msub_GND_5_o_GND_5_o_sub_101_OUT<52:0>_cy<30>)
     MUXCY:CI->O           1   0.019   0.000  Msub_GND_5_o_GND_5_o_sub_101_OUT<52:0>_cy<31> (Msub_GND_5_o_GND_5_o_sub_101_OUT<52:0>_cy<31>)
     MUXCY:CI->O           1   0.019   0.000  Msub_GND_5_o_GND_5_o_sub_101_OUT<52:0>_cy<32> (Msub_GND_5_o_GND_5_o_sub_101_OUT<52:0>_cy<32>)
     MUXCY:CI->O           1   0.019   0.000  Msub_GND_5_o_GND_5_o_sub_101_OUT<52:0>_cy<33> (Msub_GND_5_o_GND_5_o_sub_101_OUT<52:0>_cy<33>)
     MUXCY:CI->O           1   0.019   0.000  Msub_GND_5_o_GND_5_o_sub_101_OUT<52:0>_cy<34> (Msub_GND_5_o_GND_5_o_sub_101_OUT<52:0>_cy<34>)
     MUXCY:CI->O           1   0.019   0.000  Msub_GND_5_o_GND_5_o_sub_101_OUT<52:0>_cy<35> (Msub_GND_5_o_GND_5_o_sub_101_OUT<52:0>_cy<35>)
     MUXCY:CI->O           1   0.019   0.000  Msub_GND_5_o_GND_5_o_sub_101_OUT<52:0>_cy<36> (Msub_GND_5_o_GND_5_o_sub_101_OUT<52:0>_cy<36>)
     MUXCY:CI->O           1   0.019   0.000  Msub_GND_5_o_GND_5_o_sub_101_OUT<52:0>_cy<37> (Msub_GND_5_o_GND_5_o_sub_101_OUT<52:0>_cy<37>)
     MUXCY:CI->O           1   0.019   0.000  Msub_GND_5_o_GND_5_o_sub_101_OUT<52:0>_cy<38> (Msub_GND_5_o_GND_5_o_sub_101_OUT<52:0>_cy<38>)
     MUXCY:CI->O           1   0.019   0.000  Msub_GND_5_o_GND_5_o_sub_101_OUT<52:0>_cy<39> (Msub_GND_5_o_GND_5_o_sub_101_OUT<52:0>_cy<39>)
     MUXCY:CI->O           1   0.019   0.000  Msub_GND_5_o_GND_5_o_sub_101_OUT<52:0>_cy<40> (Msub_GND_5_o_GND_5_o_sub_101_OUT<52:0>_cy<40>)
     MUXCY:CI->O           1   0.019   0.000  Msub_GND_5_o_GND_5_o_sub_101_OUT<52:0>_cy<41> (Msub_GND_5_o_GND_5_o_sub_101_OUT<52:0>_cy<41>)
     MUXCY:CI->O           1   0.019   0.000  Msub_GND_5_o_GND_5_o_sub_101_OUT<52:0>_cy<42> (Msub_GND_5_o_GND_5_o_sub_101_OUT<52:0>_cy<42>)
     MUXCY:CI->O           1   0.019   0.000  Msub_GND_5_o_GND_5_o_sub_101_OUT<52:0>_cy<43> (Msub_GND_5_o_GND_5_o_sub_101_OUT<52:0>_cy<43>)
     MUXCY:CI->O           1   0.019   0.000  Msub_GND_5_o_GND_5_o_sub_101_OUT<52:0>_cy<44> (Msub_GND_5_o_GND_5_o_sub_101_OUT<52:0>_cy<44>)
     MUXCY:CI->O           1   0.019   0.000  Msub_GND_5_o_GND_5_o_sub_101_OUT<52:0>_cy<45> (Msub_GND_5_o_GND_5_o_sub_101_OUT<52:0>_cy<45>)
     MUXCY:CI->O           1   0.019   0.000  Msub_GND_5_o_GND_5_o_sub_101_OUT<52:0>_cy<46> (Msub_GND_5_o_GND_5_o_sub_101_OUT<52:0>_cy<46>)
     MUXCY:CI->O           1   0.019   0.000  Msub_GND_5_o_GND_5_o_sub_101_OUT<52:0>_cy<47> (Msub_GND_5_o_GND_5_o_sub_101_OUT<52:0>_cy<47>)
     MUXCY:CI->O           1   0.019   0.000  Msub_GND_5_o_GND_5_o_sub_101_OUT<52:0>_cy<48> (Msub_GND_5_o_GND_5_o_sub_101_OUT<52:0>_cy<48>)
     MUXCY:CI->O           1   0.019   0.000  Msub_GND_5_o_GND_5_o_sub_101_OUT<52:0>_cy<49> (Msub_GND_5_o_GND_5_o_sub_101_OUT<52:0>_cy<49>)
     MUXCY:CI->O           1   0.019   0.000  Msub_GND_5_o_GND_5_o_sub_101_OUT<52:0>_cy<50> (Msub_GND_5_o_GND_5_o_sub_101_OUT<52:0>_cy<50>)
     MUXCY:CI->O           0   0.019   0.000  Msub_GND_5_o_GND_5_o_sub_101_OUT<52:0>_cy<51> (Msub_GND_5_o_GND_5_o_sub_101_OUT<52:0>_cy<51>)
     XORCY:CI->O         141   0.180   2.349  Msub_GND_5_o_GND_5_o_sub_101_OUT<52:0>_xor<52> (GND_5_o_GND_5_o_sub_101_OUT<52>)
     LUT6:I0->O            4   0.203   0.683  Mmux_PWR_5_o_GND_5_o_mux_102_OUT101 (PWR_5_o_GND_5_o_mux_102_OUT<18>)
     MUXCY:DI->O           1   0.145   0.000  Msub_GND_5_o_GND_5_o_sub_106_OUT<52:0>_cy<18> (Msub_GND_5_o_GND_5_o_sub_106_OUT<52:0>_cy<18>)
     MUXCY:CI->O           1   0.019   0.000  Msub_GND_5_o_GND_5_o_sub_106_OUT<52:0>_cy<19> (Msub_GND_5_o_GND_5_o_sub_106_OUT<52:0>_cy<19>)
     MUXCY:CI->O           1   0.019   0.000  Msub_GND_5_o_GND_5_o_sub_106_OUT<52:0>_cy<20> (Msub_GND_5_o_GND_5_o_sub_106_OUT<52:0>_cy<20>)
     MUXCY:CI->O           1   0.019   0.000  Msub_GND_5_o_GND_5_o_sub_106_OUT<52:0>_cy<21> (Msub_GND_5_o_GND_5_o_sub_106_OUT<52:0>_cy<21>)
     MUXCY:CI->O           1   0.019   0.000  Msub_GND_5_o_GND_5_o_sub_106_OUT<52:0>_cy<22> (Msub_GND_5_o_GND_5_o_sub_106_OUT<52:0>_cy<22>)
     MUXCY:CI->O           1   0.019   0.000  Msub_GND_5_o_GND_5_o_sub_106_OUT<52:0>_cy<23> (Msub_GND_5_o_GND_5_o_sub_106_OUT<52:0>_cy<23>)
     MUXCY:CI->O           1   0.019   0.000  Msub_GND_5_o_GND_5_o_sub_106_OUT<52:0>_cy<24> (Msub_GND_5_o_GND_5_o_sub_106_OUT<52:0>_cy<24>)
     MUXCY:CI->O           1   0.019   0.000  Msub_GND_5_o_GND_5_o_sub_106_OUT<52:0>_cy<25> (Msub_GND_5_o_GND_5_o_sub_106_OUT<52:0>_cy<25>)
     MUXCY:CI->O           1   0.019   0.000  Msub_GND_5_o_GND_5_o_sub_106_OUT<52:0>_cy<26> (Msub_GND_5_o_GND_5_o_sub_106_OUT<52:0>_cy<26>)
     MUXCY:CI->O           1   0.019   0.000  Msub_GND_5_o_GND_5_o_sub_106_OUT<52:0>_cy<27> (Msub_GND_5_o_GND_5_o_sub_106_OUT<52:0>_cy<27>)
     MUXCY:CI->O           1   0.019   0.000  Msub_GND_5_o_GND_5_o_sub_106_OUT<52:0>_cy<28> (Msub_GND_5_o_GND_5_o_sub_106_OUT<52:0>_cy<28>)
     MUXCY:CI->O           1   0.019   0.000  Msub_GND_5_o_GND_5_o_sub_106_OUT<52:0>_cy<29> (Msub_GND_5_o_GND_5_o_sub_106_OUT<52:0>_cy<29>)
     MUXCY:CI->O           1   0.019   0.000  Msub_GND_5_o_GND_5_o_sub_106_OUT<52:0>_cy<30> (Msub_GND_5_o_GND_5_o_sub_106_OUT<52:0>_cy<30>)
     MUXCY:CI->O           1   0.019   0.000  Msub_GND_5_o_GND_5_o_sub_106_OUT<52:0>_cy<31> (Msub_GND_5_o_GND_5_o_sub_106_OUT<52:0>_cy<31>)
     MUXCY:CI->O           1   0.019   0.000  Msub_GND_5_o_GND_5_o_sub_106_OUT<52:0>_cy<32> (Msub_GND_5_o_GND_5_o_sub_106_OUT<52:0>_cy<32>)
     MUXCY:CI->O           1   0.019   0.000  Msub_GND_5_o_GND_5_o_sub_106_OUT<52:0>_cy<33> (Msub_GND_5_o_GND_5_o_sub_106_OUT<52:0>_cy<33>)
     MUXCY:CI->O           1   0.019   0.000  Msub_GND_5_o_GND_5_o_sub_106_OUT<52:0>_cy<34> (Msub_GND_5_o_GND_5_o_sub_106_OUT<52:0>_cy<34>)
     MUXCY:CI->O           1   0.019   0.000  Msub_GND_5_o_GND_5_o_sub_106_OUT<52:0>_cy<35> (Msub_GND_5_o_GND_5_o_sub_106_OUT<52:0>_cy<35>)
     MUXCY:CI->O           1   0.019   0.000  Msub_GND_5_o_GND_5_o_sub_106_OUT<52:0>_cy<36> (Msub_GND_5_o_GND_5_o_sub_106_OUT<52:0>_cy<36>)
     MUXCY:CI->O           1   0.019   0.000  Msub_GND_5_o_GND_5_o_sub_106_OUT<52:0>_cy<37> (Msub_GND_5_o_GND_5_o_sub_106_OUT<52:0>_cy<37>)
     MUXCY:CI->O           1   0.019   0.000  Msub_GND_5_o_GND_5_o_sub_106_OUT<52:0>_cy<38> (Msub_GND_5_o_GND_5_o_sub_106_OUT<52:0>_cy<38>)
     MUXCY:CI->O           1   0.019   0.000  Msub_GND_5_o_GND_5_o_sub_106_OUT<52:0>_cy<39> (Msub_GND_5_o_GND_5_o_sub_106_OUT<52:0>_cy<39>)
     MUXCY:CI->O           1   0.019   0.000  Msub_GND_5_o_GND_5_o_sub_106_OUT<52:0>_cy<40> (Msub_GND_5_o_GND_5_o_sub_106_OUT<52:0>_cy<40>)
     MUXCY:CI->O           1   0.019   0.000  Msub_GND_5_o_GND_5_o_sub_106_OUT<52:0>_cy<41> (Msub_GND_5_o_GND_5_o_sub_106_OUT<52:0>_cy<41>)
     MUXCY:CI->O           1   0.019   0.000  Msub_GND_5_o_GND_5_o_sub_106_OUT<52:0>_cy<42> (Msub_GND_5_o_GND_5_o_sub_106_OUT<52:0>_cy<42>)
     MUXCY:CI->O           1   0.019   0.000  Msub_GND_5_o_GND_5_o_sub_106_OUT<52:0>_cy<43> (Msub_GND_5_o_GND_5_o_sub_106_OUT<52:0>_cy<43>)
     MUXCY:CI->O           1   0.019   0.000  Msub_GND_5_o_GND_5_o_sub_106_OUT<52:0>_cy<44> (Msub_GND_5_o_GND_5_o_sub_106_OUT<52:0>_cy<44>)
     MUXCY:CI->O           1   0.019   0.000  Msub_GND_5_o_GND_5_o_sub_106_OUT<52:0>_cy<45> (Msub_GND_5_o_GND_5_o_sub_106_OUT<52:0>_cy<45>)
     MUXCY:CI->O           1   0.019   0.000  Msub_GND_5_o_GND_5_o_sub_106_OUT<52:0>_cy<46> (Msub_GND_5_o_GND_5_o_sub_106_OUT<52:0>_cy<46>)
     MUXCY:CI->O           1   0.019   0.000  Msub_GND_5_o_GND_5_o_sub_106_OUT<52:0>_cy<47> (Msub_GND_5_o_GND_5_o_sub_106_OUT<52:0>_cy<47>)
     MUXCY:CI->O           1   0.019   0.000  Msub_GND_5_o_GND_5_o_sub_106_OUT<52:0>_cy<48> (Msub_GND_5_o_GND_5_o_sub_106_OUT<52:0>_cy<48>)
     MUXCY:CI->O           1   0.019   0.000  Msub_GND_5_o_GND_5_o_sub_106_OUT<52:0>_cy<49> (Msub_GND_5_o_GND_5_o_sub_106_OUT<52:0>_cy<49>)
     MUXCY:CI->O           1   0.019   0.000  Msub_GND_5_o_GND_5_o_sub_106_OUT<52:0>_cy<50> (Msub_GND_5_o_GND_5_o_sub_106_OUT<52:0>_cy<50>)
     MUXCY:CI->O           0   0.019   0.000  Msub_GND_5_o_GND_5_o_sub_106_OUT<52:0>_cy<51> (Msub_GND_5_o_GND_5_o_sub_106_OUT<52:0>_cy<51>)
     XORCY:CI->O         150   0.180   2.256  Msub_GND_5_o_GND_5_o_sub_106_OUT<52:0>_xor<52> (GND_5_o_GND_5_o_sub_106_OUT<52>)
     LUT4:I0->O            1   0.203   0.579  Mmux_PWR_5_o_GND_5_o_mux_107_OUT61 (PWR_5_o_GND_5_o_mux_107_OUT<14>)
     MUXCY:DI->O           1   0.145   0.000  Msub_GND_5_o_GND_5_o_sub_111_OUT<52:0>_cy<14> (Msub_GND_5_o_GND_5_o_sub_111_OUT<52:0>_cy<14>)
     MUXCY:CI->O           1   0.019   0.000  Msub_GND_5_o_GND_5_o_sub_111_OUT<52:0>_cy<15> (Msub_GND_5_o_GND_5_o_sub_111_OUT<52:0>_cy<15>)
     MUXCY:CI->O           1   0.019   0.000  Msub_GND_5_o_GND_5_o_sub_111_OUT<52:0>_cy<16> (Msub_GND_5_o_GND_5_o_sub_111_OUT<52:0>_cy<16>)
     MUXCY:CI->O           1   0.019   0.000  Msub_GND_5_o_GND_5_o_sub_111_OUT<52:0>_cy<17> (Msub_GND_5_o_GND_5_o_sub_111_OUT<52:0>_cy<17>)
     MUXCY:CI->O           1   0.019   0.000  Msub_GND_5_o_GND_5_o_sub_111_OUT<52:0>_cy<18> (Msub_GND_5_o_GND_5_o_sub_111_OUT<52:0>_cy<18>)
     MUXCY:CI->O           1   0.019   0.000  Msub_GND_5_o_GND_5_o_sub_111_OUT<52:0>_cy<19> (Msub_GND_5_o_GND_5_o_sub_111_OUT<52:0>_cy<19>)
     MUXCY:CI->O           1   0.019   0.000  Msub_GND_5_o_GND_5_o_sub_111_OUT<52:0>_cy<20> (Msub_GND_5_o_GND_5_o_sub_111_OUT<52:0>_cy<20>)
     MUXCY:CI->O           1   0.019   0.000  Msub_GND_5_o_GND_5_o_sub_111_OUT<52:0>_cy<21> (Msub_GND_5_o_GND_5_o_sub_111_OUT<52:0>_cy<21>)
     MUXCY:CI->O           1   0.019   0.000  Msub_GND_5_o_GND_5_o_sub_111_OUT<52:0>_cy<22> (Msub_GND_5_o_GND_5_o_sub_111_OUT<52:0>_cy<22>)
     MUXCY:CI->O           1   0.019   0.000  Msub_GND_5_o_GND_5_o_sub_111_OUT<52:0>_cy<23> (Msub_GND_5_o_GND_5_o_sub_111_OUT<52:0>_cy<23>)
     MUXCY:CI->O           1   0.019   0.000  Msub_GND_5_o_GND_5_o_sub_111_OUT<52:0>_cy<24> (Msub_GND_5_o_GND_5_o_sub_111_OUT<52:0>_cy<24>)
     MUXCY:CI->O           1   0.019   0.000  Msub_GND_5_o_GND_5_o_sub_111_OUT<52:0>_cy<25> (Msub_GND_5_o_GND_5_o_sub_111_OUT<52:0>_cy<25>)
     MUXCY:CI->O           1   0.019   0.000  Msub_GND_5_o_GND_5_o_sub_111_OUT<52:0>_cy<26> (Msub_GND_5_o_GND_5_o_sub_111_OUT<52:0>_cy<26>)
     MUXCY:CI->O           1   0.019   0.000  Msub_GND_5_o_GND_5_o_sub_111_OUT<52:0>_cy<27> (Msub_GND_5_o_GND_5_o_sub_111_OUT<52:0>_cy<27>)
     MUXCY:CI->O           1   0.019   0.000  Msub_GND_5_o_GND_5_o_sub_111_OUT<52:0>_cy<28> (Msub_GND_5_o_GND_5_o_sub_111_OUT<52:0>_cy<28>)
     MUXCY:CI->O           1   0.019   0.000  Msub_GND_5_o_GND_5_o_sub_111_OUT<52:0>_cy<29> (Msub_GND_5_o_GND_5_o_sub_111_OUT<52:0>_cy<29>)
     MUXCY:CI->O           1   0.019   0.000  Msub_GND_5_o_GND_5_o_sub_111_OUT<52:0>_cy<30> (Msub_GND_5_o_GND_5_o_sub_111_OUT<52:0>_cy<30>)
     MUXCY:CI->O           1   0.019   0.000  Msub_GND_5_o_GND_5_o_sub_111_OUT<52:0>_cy<31> (Msub_GND_5_o_GND_5_o_sub_111_OUT<52:0>_cy<31>)
     MUXCY:CI->O           1   0.019   0.000  Msub_GND_5_o_GND_5_o_sub_111_OUT<52:0>_cy<32> (Msub_GND_5_o_GND_5_o_sub_111_OUT<52:0>_cy<32>)
     MUXCY:CI->O           1   0.019   0.000  Msub_GND_5_o_GND_5_o_sub_111_OUT<52:0>_cy<33> (Msub_GND_5_o_GND_5_o_sub_111_OUT<52:0>_cy<33>)
     MUXCY:CI->O           1   0.019   0.000  Msub_GND_5_o_GND_5_o_sub_111_OUT<52:0>_cy<34> (Msub_GND_5_o_GND_5_o_sub_111_OUT<52:0>_cy<34>)
     MUXCY:CI->O           1   0.019   0.000  Msub_GND_5_o_GND_5_o_sub_111_OUT<52:0>_cy<35> (Msub_GND_5_o_GND_5_o_sub_111_OUT<52:0>_cy<35>)
     MUXCY:CI->O           1   0.019   0.000  Msub_GND_5_o_GND_5_o_sub_111_OUT<52:0>_cy<36> (Msub_GND_5_o_GND_5_o_sub_111_OUT<52:0>_cy<36>)
     MUXCY:CI->O           1   0.019   0.000  Msub_GND_5_o_GND_5_o_sub_111_OUT<52:0>_cy<37> (Msub_GND_5_o_GND_5_o_sub_111_OUT<52:0>_cy<37>)
     MUXCY:CI->O           1   0.019   0.000  Msub_GND_5_o_GND_5_o_sub_111_OUT<52:0>_cy<38> (Msub_GND_5_o_GND_5_o_sub_111_OUT<52:0>_cy<38>)
     MUXCY:CI->O           1   0.019   0.000  Msub_GND_5_o_GND_5_o_sub_111_OUT<52:0>_cy<39> (Msub_GND_5_o_GND_5_o_sub_111_OUT<52:0>_cy<39>)
     MUXCY:CI->O           1   0.019   0.000  Msub_GND_5_o_GND_5_o_sub_111_OUT<52:0>_cy<40> (Msub_GND_5_o_GND_5_o_sub_111_OUT<52:0>_cy<40>)
     MUXCY:CI->O           1   0.019   0.000  Msub_GND_5_o_GND_5_o_sub_111_OUT<52:0>_cy<41> (Msub_GND_5_o_GND_5_o_sub_111_OUT<52:0>_cy<41>)
     MUXCY:CI->O           1   0.019   0.000  Msub_GND_5_o_GND_5_o_sub_111_OUT<52:0>_cy<42> (Msub_GND_5_o_GND_5_o_sub_111_OUT<52:0>_cy<42>)
     MUXCY:CI->O           1   0.019   0.000  Msub_GND_5_o_GND_5_o_sub_111_OUT<52:0>_cy<43> (Msub_GND_5_o_GND_5_o_sub_111_OUT<52:0>_cy<43>)
     MUXCY:CI->O           1   0.019   0.000  Msub_GND_5_o_GND_5_o_sub_111_OUT<52:0>_cy<44> (Msub_GND_5_o_GND_5_o_sub_111_OUT<52:0>_cy<44>)
     MUXCY:CI->O           1   0.019   0.000  Msub_GND_5_o_GND_5_o_sub_111_OUT<52:0>_cy<45> (Msub_GND_5_o_GND_5_o_sub_111_OUT<52:0>_cy<45>)
     MUXCY:CI->O           1   0.019   0.000  Msub_GND_5_o_GND_5_o_sub_111_OUT<52:0>_cy<46> (Msub_GND_5_o_GND_5_o_sub_111_OUT<52:0>_cy<46>)
     MUXCY:CI->O           1   0.019   0.000  Msub_GND_5_o_GND_5_o_sub_111_OUT<52:0>_cy<47> (Msub_GND_5_o_GND_5_o_sub_111_OUT<52:0>_cy<47>)
     MUXCY:CI->O           1   0.019   0.000  Msub_GND_5_o_GND_5_o_sub_111_OUT<52:0>_cy<48> (Msub_GND_5_o_GND_5_o_sub_111_OUT<52:0>_cy<48>)
     MUXCY:CI->O           1   0.019   0.000  Msub_GND_5_o_GND_5_o_sub_111_OUT<52:0>_cy<49> (Msub_GND_5_o_GND_5_o_sub_111_OUT<52:0>_cy<49>)
     MUXCY:CI->O           1   0.019   0.000  Msub_GND_5_o_GND_5_o_sub_111_OUT<52:0>_cy<50> (Msub_GND_5_o_GND_5_o_sub_111_OUT<52:0>_cy<50>)
     MUXCY:CI->O           0   0.019   0.000  Msub_GND_5_o_GND_5_o_sub_111_OUT<52:0>_cy<51> (Msub_GND_5_o_GND_5_o_sub_111_OUT<52:0>_cy<51>)
     XORCY:CI->O         108   0.180   2.263  Msub_GND_5_o_GND_5_o_sub_111_OUT<52:0>_xor<52> (GND_5_o_GND_5_o_sub_111_OUT<52>)
     LUT6:I0->O            4   0.203   0.683  Mmux_PWR_5_o_GND_5_o_mux_112_OUT61 (PWR_5_o_GND_5_o_mux_112_OUT<14>)
     MUXCY:DI->O           1   0.145   0.000  Msub_GND_5_o_GND_5_o_sub_116_OUT<52:0>_cy<14> (Msub_GND_5_o_GND_5_o_sub_116_OUT<52:0>_cy<14>)
     MUXCY:CI->O           1   0.019   0.000  Msub_GND_5_o_GND_5_o_sub_116_OUT<52:0>_cy<15> (Msub_GND_5_o_GND_5_o_sub_116_OUT<52:0>_cy<15>)
     MUXCY:CI->O           1   0.019   0.000  Msub_GND_5_o_GND_5_o_sub_116_OUT<52:0>_cy<16> (Msub_GND_5_o_GND_5_o_sub_116_OUT<52:0>_cy<16>)
     MUXCY:CI->O           1   0.019   0.000  Msub_GND_5_o_GND_5_o_sub_116_OUT<52:0>_cy<17> (Msub_GND_5_o_GND_5_o_sub_116_OUT<52:0>_cy<17>)
     MUXCY:CI->O           1   0.019   0.000  Msub_GND_5_o_GND_5_o_sub_116_OUT<52:0>_cy<18> (Msub_GND_5_o_GND_5_o_sub_116_OUT<52:0>_cy<18>)
     MUXCY:CI->O           1   0.019   0.000  Msub_GND_5_o_GND_5_o_sub_116_OUT<52:0>_cy<19> (Msub_GND_5_o_GND_5_o_sub_116_OUT<52:0>_cy<19>)
     MUXCY:CI->O           1   0.019   0.000  Msub_GND_5_o_GND_5_o_sub_116_OUT<52:0>_cy<20> (Msub_GND_5_o_GND_5_o_sub_116_OUT<52:0>_cy<20>)
     MUXCY:CI->O           1   0.019   0.000  Msub_GND_5_o_GND_5_o_sub_116_OUT<52:0>_cy<21> (Msub_GND_5_o_GND_5_o_sub_116_OUT<52:0>_cy<21>)
     MUXCY:CI->O           1   0.019   0.000  Msub_GND_5_o_GND_5_o_sub_116_OUT<52:0>_cy<22> (Msub_GND_5_o_GND_5_o_sub_116_OUT<52:0>_cy<22>)
     MUXCY:CI->O           1   0.019   0.000  Msub_GND_5_o_GND_5_o_sub_116_OUT<52:0>_cy<23> (Msub_GND_5_o_GND_5_o_sub_116_OUT<52:0>_cy<23>)
     MUXCY:CI->O           1   0.019   0.000  Msub_GND_5_o_GND_5_o_sub_116_OUT<52:0>_cy<24> (Msub_GND_5_o_GND_5_o_sub_116_OUT<52:0>_cy<24>)
     MUXCY:CI->O           1   0.019   0.000  Msub_GND_5_o_GND_5_o_sub_116_OUT<52:0>_cy<25> (Msub_GND_5_o_GND_5_o_sub_116_OUT<52:0>_cy<25>)
     MUXCY:CI->O           1   0.019   0.000  Msub_GND_5_o_GND_5_o_sub_116_OUT<52:0>_cy<26> (Msub_GND_5_o_GND_5_o_sub_116_OUT<52:0>_cy<26>)
     MUXCY:CI->O           1   0.019   0.000  Msub_GND_5_o_GND_5_o_sub_116_OUT<52:0>_cy<27> (Msub_GND_5_o_GND_5_o_sub_116_OUT<52:0>_cy<27>)
     MUXCY:CI->O           1   0.019   0.000  Msub_GND_5_o_GND_5_o_sub_116_OUT<52:0>_cy<28> (Msub_GND_5_o_GND_5_o_sub_116_OUT<52:0>_cy<28>)
     MUXCY:CI->O           1   0.019   0.000  Msub_GND_5_o_GND_5_o_sub_116_OUT<52:0>_cy<29> (Msub_GND_5_o_GND_5_o_sub_116_OUT<52:0>_cy<29>)
     MUXCY:CI->O           1   0.019   0.000  Msub_GND_5_o_GND_5_o_sub_116_OUT<52:0>_cy<30> (Msub_GND_5_o_GND_5_o_sub_116_OUT<52:0>_cy<30>)
     MUXCY:CI->O           1   0.019   0.000  Msub_GND_5_o_GND_5_o_sub_116_OUT<52:0>_cy<31> (Msub_GND_5_o_GND_5_o_sub_116_OUT<52:0>_cy<31>)
     MUXCY:CI->O           1   0.019   0.000  Msub_GND_5_o_GND_5_o_sub_116_OUT<52:0>_cy<32> (Msub_GND_5_o_GND_5_o_sub_116_OUT<52:0>_cy<32>)
     MUXCY:CI->O           1   0.019   0.000  Msub_GND_5_o_GND_5_o_sub_116_OUT<52:0>_cy<33> (Msub_GND_5_o_GND_5_o_sub_116_OUT<52:0>_cy<33>)
     MUXCY:CI->O           1   0.019   0.000  Msub_GND_5_o_GND_5_o_sub_116_OUT<52:0>_cy<34> (Msub_GND_5_o_GND_5_o_sub_116_OUT<52:0>_cy<34>)
     MUXCY:CI->O           1   0.019   0.000  Msub_GND_5_o_GND_5_o_sub_116_OUT<52:0>_cy<35> (Msub_GND_5_o_GND_5_o_sub_116_OUT<52:0>_cy<35>)
     MUXCY:CI->O           1   0.019   0.000  Msub_GND_5_o_GND_5_o_sub_116_OUT<52:0>_cy<36> (Msub_GND_5_o_GND_5_o_sub_116_OUT<52:0>_cy<36>)
     MUXCY:CI->O           1   0.019   0.000  Msub_GND_5_o_GND_5_o_sub_116_OUT<52:0>_cy<37> (Msub_GND_5_o_GND_5_o_sub_116_OUT<52:0>_cy<37>)
     MUXCY:CI->O           1   0.019   0.000  Msub_GND_5_o_GND_5_o_sub_116_OUT<52:0>_cy<38> (Msub_GND_5_o_GND_5_o_sub_116_OUT<52:0>_cy<38>)
     MUXCY:CI->O           1   0.019   0.000  Msub_GND_5_o_GND_5_o_sub_116_OUT<52:0>_cy<39> (Msub_GND_5_o_GND_5_o_sub_116_OUT<52:0>_cy<39>)
     MUXCY:CI->O           1   0.019   0.000  Msub_GND_5_o_GND_5_o_sub_116_OUT<52:0>_cy<40> (Msub_GND_5_o_GND_5_o_sub_116_OUT<52:0>_cy<40>)
     MUXCY:CI->O           1   0.019   0.000  Msub_GND_5_o_GND_5_o_sub_116_OUT<52:0>_cy<41> (Msub_GND_5_o_GND_5_o_sub_116_OUT<52:0>_cy<41>)
     MUXCY:CI->O           1   0.019   0.000  Msub_GND_5_o_GND_5_o_sub_116_OUT<52:0>_cy<42> (Msub_GND_5_o_GND_5_o_sub_116_OUT<52:0>_cy<42>)
     MUXCY:CI->O           1   0.019   0.000  Msub_GND_5_o_GND_5_o_sub_116_OUT<52:0>_cy<43> (Msub_GND_5_o_GND_5_o_sub_116_OUT<52:0>_cy<43>)
     MUXCY:CI->O           1   0.019   0.000  Msub_GND_5_o_GND_5_o_sub_116_OUT<52:0>_cy<44> (Msub_GND_5_o_GND_5_o_sub_116_OUT<52:0>_cy<44>)
     MUXCY:CI->O           1   0.019   0.000  Msub_GND_5_o_GND_5_o_sub_116_OUT<52:0>_cy<45> (Msub_GND_5_o_GND_5_o_sub_116_OUT<52:0>_cy<45>)
     MUXCY:CI->O           1   0.019   0.000  Msub_GND_5_o_GND_5_o_sub_116_OUT<52:0>_cy<46> (Msub_GND_5_o_GND_5_o_sub_116_OUT<52:0>_cy<46>)
     MUXCY:CI->O           1   0.019   0.000  Msub_GND_5_o_GND_5_o_sub_116_OUT<52:0>_cy<47> (Msub_GND_5_o_GND_5_o_sub_116_OUT<52:0>_cy<47>)
     MUXCY:CI->O           1   0.019   0.000  Msub_GND_5_o_GND_5_o_sub_116_OUT<52:0>_cy<48> (Msub_GND_5_o_GND_5_o_sub_116_OUT<52:0>_cy<48>)
     MUXCY:CI->O           1   0.019   0.000  Msub_GND_5_o_GND_5_o_sub_116_OUT<52:0>_cy<49> (Msub_GND_5_o_GND_5_o_sub_116_OUT<52:0>_cy<49>)
     MUXCY:CI->O           1   0.019   0.000  Msub_GND_5_o_GND_5_o_sub_116_OUT<52:0>_cy<50> (Msub_GND_5_o_GND_5_o_sub_116_OUT<52:0>_cy<50>)
     MUXCY:CI->O           0   0.019   0.000  Msub_GND_5_o_GND_5_o_sub_116_OUT<52:0>_cy<51> (Msub_GND_5_o_GND_5_o_sub_116_OUT<52:0>_cy<51>)
     XORCY:CI->O         134   0.180   2.214  Msub_GND_5_o_GND_5_o_sub_116_OUT<52:0>_xor<52> (GND_5_o_GND_5_o_sub_116_OUT<52>)
     LUT4:I0->O            1   0.203   0.579  Mmux_PWR_5_o_GND_5_o_mux_117_OUT21 (PWR_5_o_GND_5_o_mux_117_OUT<10>)
     MUXCY:DI->O           1   0.145   0.000  Msub_GND_5_o_GND_5_o_sub_121_OUT<52:0>_cy<10> (Msub_GND_5_o_GND_5_o_sub_121_OUT<52:0>_cy<10>)
     MUXCY:CI->O           1   0.019   0.000  Msub_GND_5_o_GND_5_o_sub_121_OUT<52:0>_cy<11> (Msub_GND_5_o_GND_5_o_sub_121_OUT<52:0>_cy<11>)
     MUXCY:CI->O           1   0.019   0.000  Msub_GND_5_o_GND_5_o_sub_121_OUT<52:0>_cy<12> (Msub_GND_5_o_GND_5_o_sub_121_OUT<52:0>_cy<12>)
     MUXCY:CI->O           1   0.019   0.000  Msub_GND_5_o_GND_5_o_sub_121_OUT<52:0>_cy<13> (Msub_GND_5_o_GND_5_o_sub_121_OUT<52:0>_cy<13>)
     MUXCY:CI->O           1   0.019   0.000  Msub_GND_5_o_GND_5_o_sub_121_OUT<52:0>_cy<14> (Msub_GND_5_o_GND_5_o_sub_121_OUT<52:0>_cy<14>)
     MUXCY:CI->O           1   0.019   0.000  Msub_GND_5_o_GND_5_o_sub_121_OUT<52:0>_cy<15> (Msub_GND_5_o_GND_5_o_sub_121_OUT<52:0>_cy<15>)
     MUXCY:CI->O           1   0.019   0.000  Msub_GND_5_o_GND_5_o_sub_121_OUT<52:0>_cy<16> (Msub_GND_5_o_GND_5_o_sub_121_OUT<52:0>_cy<16>)
     MUXCY:CI->O           1   0.019   0.000  Msub_GND_5_o_GND_5_o_sub_121_OUT<52:0>_cy<17> (Msub_GND_5_o_GND_5_o_sub_121_OUT<52:0>_cy<17>)
     MUXCY:CI->O           1   0.019   0.000  Msub_GND_5_o_GND_5_o_sub_121_OUT<52:0>_cy<18> (Msub_GND_5_o_GND_5_o_sub_121_OUT<52:0>_cy<18>)
     MUXCY:CI->O           1   0.019   0.000  Msub_GND_5_o_GND_5_o_sub_121_OUT<52:0>_cy<19> (Msub_GND_5_o_GND_5_o_sub_121_OUT<52:0>_cy<19>)
     MUXCY:CI->O           1   0.019   0.000  Msub_GND_5_o_GND_5_o_sub_121_OUT<52:0>_cy<20> (Msub_GND_5_o_GND_5_o_sub_121_OUT<52:0>_cy<20>)
     MUXCY:CI->O           1   0.019   0.000  Msub_GND_5_o_GND_5_o_sub_121_OUT<52:0>_cy<21> (Msub_GND_5_o_GND_5_o_sub_121_OUT<52:0>_cy<21>)
     MUXCY:CI->O           1   0.019   0.000  Msub_GND_5_o_GND_5_o_sub_121_OUT<52:0>_cy<22> (Msub_GND_5_o_GND_5_o_sub_121_OUT<52:0>_cy<22>)
     MUXCY:CI->O           1   0.019   0.000  Msub_GND_5_o_GND_5_o_sub_121_OUT<52:0>_cy<23> (Msub_GND_5_o_GND_5_o_sub_121_OUT<52:0>_cy<23>)
     MUXCY:CI->O           1   0.019   0.000  Msub_GND_5_o_GND_5_o_sub_121_OUT<52:0>_cy<24> (Msub_GND_5_o_GND_5_o_sub_121_OUT<52:0>_cy<24>)
     MUXCY:CI->O           1   0.019   0.000  Msub_GND_5_o_GND_5_o_sub_121_OUT<52:0>_cy<25> (Msub_GND_5_o_GND_5_o_sub_121_OUT<52:0>_cy<25>)
     MUXCY:CI->O           1   0.019   0.000  Msub_GND_5_o_GND_5_o_sub_121_OUT<52:0>_cy<26> (Msub_GND_5_o_GND_5_o_sub_121_OUT<52:0>_cy<26>)
     MUXCY:CI->O           1   0.019   0.000  Msub_GND_5_o_GND_5_o_sub_121_OUT<52:0>_cy<27> (Msub_GND_5_o_GND_5_o_sub_121_OUT<52:0>_cy<27>)
     MUXCY:CI->O           1   0.019   0.000  Msub_GND_5_o_GND_5_o_sub_121_OUT<52:0>_cy<28> (Msub_GND_5_o_GND_5_o_sub_121_OUT<52:0>_cy<28>)
     MUXCY:CI->O           1   0.019   0.000  Msub_GND_5_o_GND_5_o_sub_121_OUT<52:0>_cy<29> (Msub_GND_5_o_GND_5_o_sub_121_OUT<52:0>_cy<29>)
     MUXCY:CI->O           1   0.019   0.000  Msub_GND_5_o_GND_5_o_sub_121_OUT<52:0>_cy<30> (Msub_GND_5_o_GND_5_o_sub_121_OUT<52:0>_cy<30>)
     MUXCY:CI->O           1   0.019   0.000  Msub_GND_5_o_GND_5_o_sub_121_OUT<52:0>_cy<31> (Msub_GND_5_o_GND_5_o_sub_121_OUT<52:0>_cy<31>)
     MUXCY:CI->O           1   0.019   0.000  Msub_GND_5_o_GND_5_o_sub_121_OUT<52:0>_cy<32> (Msub_GND_5_o_GND_5_o_sub_121_OUT<52:0>_cy<32>)
     MUXCY:CI->O           1   0.019   0.000  Msub_GND_5_o_GND_5_o_sub_121_OUT<52:0>_cy<33> (Msub_GND_5_o_GND_5_o_sub_121_OUT<52:0>_cy<33>)
     MUXCY:CI->O           1   0.019   0.000  Msub_GND_5_o_GND_5_o_sub_121_OUT<52:0>_cy<34> (Msub_GND_5_o_GND_5_o_sub_121_OUT<52:0>_cy<34>)
     MUXCY:CI->O           1   0.019   0.000  Msub_GND_5_o_GND_5_o_sub_121_OUT<52:0>_cy<35> (Msub_GND_5_o_GND_5_o_sub_121_OUT<52:0>_cy<35>)
     MUXCY:CI->O           1   0.019   0.000  Msub_GND_5_o_GND_5_o_sub_121_OUT<52:0>_cy<36> (Msub_GND_5_o_GND_5_o_sub_121_OUT<52:0>_cy<36>)
     MUXCY:CI->O           1   0.019   0.000  Msub_GND_5_o_GND_5_o_sub_121_OUT<52:0>_cy<37> (Msub_GND_5_o_GND_5_o_sub_121_OUT<52:0>_cy<37>)
     MUXCY:CI->O           1   0.019   0.000  Msub_GND_5_o_GND_5_o_sub_121_OUT<52:0>_cy<38> (Msub_GND_5_o_GND_5_o_sub_121_OUT<52:0>_cy<38>)
     MUXCY:CI->O           1   0.019   0.000  Msub_GND_5_o_GND_5_o_sub_121_OUT<52:0>_cy<39> (Msub_GND_5_o_GND_5_o_sub_121_OUT<52:0>_cy<39>)
     MUXCY:CI->O           1   0.019   0.000  Msub_GND_5_o_GND_5_o_sub_121_OUT<52:0>_cy<40> (Msub_GND_5_o_GND_5_o_sub_121_OUT<52:0>_cy<40>)
     MUXCY:CI->O           1   0.019   0.000  Msub_GND_5_o_GND_5_o_sub_121_OUT<52:0>_cy<41> (Msub_GND_5_o_GND_5_o_sub_121_OUT<52:0>_cy<41>)
     MUXCY:CI->O           1   0.019   0.000  Msub_GND_5_o_GND_5_o_sub_121_OUT<52:0>_cy<42> (Msub_GND_5_o_GND_5_o_sub_121_OUT<52:0>_cy<42>)
     MUXCY:CI->O           1   0.019   0.000  Msub_GND_5_o_GND_5_o_sub_121_OUT<52:0>_cy<43> (Msub_GND_5_o_GND_5_o_sub_121_OUT<52:0>_cy<43>)
     MUXCY:CI->O           1   0.019   0.000  Msub_GND_5_o_GND_5_o_sub_121_OUT<52:0>_cy<44> (Msub_GND_5_o_GND_5_o_sub_121_OUT<52:0>_cy<44>)
     MUXCY:CI->O           1   0.019   0.000  Msub_GND_5_o_GND_5_o_sub_121_OUT<52:0>_cy<45> (Msub_GND_5_o_GND_5_o_sub_121_OUT<52:0>_cy<45>)
     MUXCY:CI->O           1   0.019   0.000  Msub_GND_5_o_GND_5_o_sub_121_OUT<52:0>_cy<46> (Msub_GND_5_o_GND_5_o_sub_121_OUT<52:0>_cy<46>)
     MUXCY:CI->O           1   0.019   0.000  Msub_GND_5_o_GND_5_o_sub_121_OUT<52:0>_cy<47> (Msub_GND_5_o_GND_5_o_sub_121_OUT<52:0>_cy<47>)
     MUXCY:CI->O           1   0.019   0.000  Msub_GND_5_o_GND_5_o_sub_121_OUT<52:0>_cy<48> (Msub_GND_5_o_GND_5_o_sub_121_OUT<52:0>_cy<48>)
     MUXCY:CI->O           1   0.019   0.000  Msub_GND_5_o_GND_5_o_sub_121_OUT<52:0>_cy<49> (Msub_GND_5_o_GND_5_o_sub_121_OUT<52:0>_cy<49>)
     MUXCY:CI->O           1   0.019   0.000  Msub_GND_5_o_GND_5_o_sub_121_OUT<52:0>_cy<50> (Msub_GND_5_o_GND_5_o_sub_121_OUT<52:0>_cy<50>)
     MUXCY:CI->O           0   0.019   0.000  Msub_GND_5_o_GND_5_o_sub_121_OUT<52:0>_cy<51> (Msub_GND_5_o_GND_5_o_sub_121_OUT<52:0>_cy<51>)
     XORCY:CI->O          70   0.180   2.024  Msub_GND_5_o_GND_5_o_sub_121_OUT<52:0>_xor<52> (GND_5_o_GND_5_o_sub_121_OUT<52>)
     LUT5:I0->O            1   0.203   0.579  Mmux_PWR_5_o_GND_5_o_mux_122_OUT201 (Msub_GND_5_o_GND_5_o_sub_126_OUT<52:0>_lut<27>)
     MUXCY:DI->O           1   0.145   0.000  Msub_GND_5_o_GND_5_o_sub_126_OUT<52:0>_cy<27> (Msub_GND_5_o_GND_5_o_sub_126_OUT<52:0>_cy<27>)
     MUXCY:CI->O           1   0.019   0.000  Msub_GND_5_o_GND_5_o_sub_126_OUT<52:0>_cy<28> (Msub_GND_5_o_GND_5_o_sub_126_OUT<52:0>_cy<28>)
     MUXCY:CI->O           1   0.019   0.000  Msub_GND_5_o_GND_5_o_sub_126_OUT<52:0>_cy<29> (Msub_GND_5_o_GND_5_o_sub_126_OUT<52:0>_cy<29>)
     MUXCY:CI->O           1   0.019   0.000  Msub_GND_5_o_GND_5_o_sub_126_OUT<52:0>_cy<30> (Msub_GND_5_o_GND_5_o_sub_126_OUT<52:0>_cy<30>)
     MUXCY:CI->O           1   0.019   0.000  Msub_GND_5_o_GND_5_o_sub_126_OUT<52:0>_cy<31> (Msub_GND_5_o_GND_5_o_sub_126_OUT<52:0>_cy<31>)
     MUXCY:CI->O           1   0.019   0.000  Msub_GND_5_o_GND_5_o_sub_126_OUT<52:0>_cy<32> (Msub_GND_5_o_GND_5_o_sub_126_OUT<52:0>_cy<32>)
     MUXCY:CI->O           1   0.019   0.000  Msub_GND_5_o_GND_5_o_sub_126_OUT<52:0>_cy<33> (Msub_GND_5_o_GND_5_o_sub_126_OUT<52:0>_cy<33>)
     MUXCY:CI->O           1   0.019   0.000  Msub_GND_5_o_GND_5_o_sub_126_OUT<52:0>_cy<34> (Msub_GND_5_o_GND_5_o_sub_126_OUT<52:0>_cy<34>)
     MUXCY:CI->O           1   0.019   0.000  Msub_GND_5_o_GND_5_o_sub_126_OUT<52:0>_cy<35> (Msub_GND_5_o_GND_5_o_sub_126_OUT<52:0>_cy<35>)
     MUXCY:CI->O           1   0.019   0.000  Msub_GND_5_o_GND_5_o_sub_126_OUT<52:0>_cy<36> (Msub_GND_5_o_GND_5_o_sub_126_OUT<52:0>_cy<36>)
     MUXCY:CI->O           1   0.019   0.000  Msub_GND_5_o_GND_5_o_sub_126_OUT<52:0>_cy<37> (Msub_GND_5_o_GND_5_o_sub_126_OUT<52:0>_cy<37>)
     MUXCY:CI->O           1   0.019   0.000  Msub_GND_5_o_GND_5_o_sub_126_OUT<52:0>_cy<38> (Msub_GND_5_o_GND_5_o_sub_126_OUT<52:0>_cy<38>)
     MUXCY:CI->O           1   0.019   0.000  Msub_GND_5_o_GND_5_o_sub_126_OUT<52:0>_cy<39> (Msub_GND_5_o_GND_5_o_sub_126_OUT<52:0>_cy<39>)
     MUXCY:CI->O           1   0.019   0.000  Msub_GND_5_o_GND_5_o_sub_126_OUT<52:0>_cy<40> (Msub_GND_5_o_GND_5_o_sub_126_OUT<52:0>_cy<40>)
     MUXCY:CI->O           1   0.019   0.000  Msub_GND_5_o_GND_5_o_sub_126_OUT<52:0>_cy<41> (Msub_GND_5_o_GND_5_o_sub_126_OUT<52:0>_cy<41>)
     MUXCY:CI->O           1   0.019   0.000  Msub_GND_5_o_GND_5_o_sub_126_OUT<52:0>_cy<42> (Msub_GND_5_o_GND_5_o_sub_126_OUT<52:0>_cy<42>)
     MUXCY:CI->O           1   0.019   0.000  Msub_GND_5_o_GND_5_o_sub_126_OUT<52:0>_cy<43> (Msub_GND_5_o_GND_5_o_sub_126_OUT<52:0>_cy<43>)
     MUXCY:CI->O           1   0.019   0.000  Msub_GND_5_o_GND_5_o_sub_126_OUT<52:0>_cy<44> (Msub_GND_5_o_GND_5_o_sub_126_OUT<52:0>_cy<44>)
     MUXCY:CI->O           1   0.019   0.000  Msub_GND_5_o_GND_5_o_sub_126_OUT<52:0>_cy<45> (Msub_GND_5_o_GND_5_o_sub_126_OUT<52:0>_cy<45>)
     MUXCY:CI->O           1   0.019   0.000  Msub_GND_5_o_GND_5_o_sub_126_OUT<52:0>_cy<46> (Msub_GND_5_o_GND_5_o_sub_126_OUT<52:0>_cy<46>)
     MUXCY:CI->O           1   0.019   0.000  Msub_GND_5_o_GND_5_o_sub_126_OUT<52:0>_cy<47> (Msub_GND_5_o_GND_5_o_sub_126_OUT<52:0>_cy<47>)
     MUXCY:CI->O           1   0.019   0.000  Msub_GND_5_o_GND_5_o_sub_126_OUT<52:0>_cy<48> (Msub_GND_5_o_GND_5_o_sub_126_OUT<52:0>_cy<48>)
     MUXCY:CI->O           1   0.019   0.000  Msub_GND_5_o_GND_5_o_sub_126_OUT<52:0>_cy<49> (Msub_GND_5_o_GND_5_o_sub_126_OUT<52:0>_cy<49>)
     MUXCY:CI->O           1   0.019   0.000  Msub_GND_5_o_GND_5_o_sub_126_OUT<52:0>_cy<50> (Msub_GND_5_o_GND_5_o_sub_126_OUT<52:0>_cy<50>)
     MUXCY:CI->O           0   0.019   0.000  Msub_GND_5_o_GND_5_o_sub_126_OUT<52:0>_cy<51> (Msub_GND_5_o_GND_5_o_sub_126_OUT<52:0>_cy<51>)
     XORCY:CI->O           1   0.180   0.580  Msub_GND_5_o_GND_5_o_sub_126_OUT<52:0>_xor<52> (GND_5_o_GND_5_o_sub_126_OUT<52>)
     LUT2:I1->O            1   0.205   0.000  Madd_GND_5_o_GND_5_o_add_134_OUT_lut<0> (Madd_GND_5_o_GND_5_o_add_134_OUT_lut<0>)
     MUXCY:S->O            1   0.172   0.000  Madd_GND_5_o_GND_5_o_add_134_OUT_cy<0> (Madd_GND_5_o_GND_5_o_add_134_OUT_cy<0>)
     MUXCY:CI->O           1   0.019   0.000  Madd_GND_5_o_GND_5_o_add_134_OUT_cy<1> (Madd_GND_5_o_GND_5_o_add_134_OUT_cy<1>)
     MUXCY:CI->O           1   0.019   0.000  Madd_GND_5_o_GND_5_o_add_134_OUT_cy<2> (Madd_GND_5_o_GND_5_o_add_134_OUT_cy<2>)
     MUXCY:CI->O           1   0.019   0.000  Madd_GND_5_o_GND_5_o_add_134_OUT_cy<3> (Madd_GND_5_o_GND_5_o_add_134_OUT_cy<3>)
     MUXCY:CI->O           1   0.019   0.000  Madd_GND_5_o_GND_5_o_add_134_OUT_cy<4> (Madd_GND_5_o_GND_5_o_add_134_OUT_cy<4>)
     MUXCY:CI->O           1   0.019   0.000  Madd_GND_5_o_GND_5_o_add_134_OUT_cy<5> (Madd_GND_5_o_GND_5_o_add_134_OUT_cy<5>)
     MUXCY:CI->O           1   0.019   0.000  Madd_GND_5_o_GND_5_o_add_134_OUT_cy<6> (Madd_GND_5_o_GND_5_o_add_134_OUT_cy<6>)
     MUXCY:CI->O           1   0.019   0.000  Madd_GND_5_o_GND_5_o_add_134_OUT_cy<7> (Madd_GND_5_o_GND_5_o_add_134_OUT_cy<7>)
     MUXCY:CI->O           1   0.019   0.000  Madd_GND_5_o_GND_5_o_add_134_OUT_cy<8> (Madd_GND_5_o_GND_5_o_add_134_OUT_cy<8>)
     MUXCY:CI->O           1   0.019   0.000  Madd_GND_5_o_GND_5_o_add_134_OUT_cy<9> (Madd_GND_5_o_GND_5_o_add_134_OUT_cy<9>)
     MUXCY:CI->O           1   0.019   0.000  Madd_GND_5_o_GND_5_o_add_134_OUT_cy<10> (Madd_GND_5_o_GND_5_o_add_134_OUT_cy<10>)
     MUXCY:CI->O           1   0.019   0.000  Madd_GND_5_o_GND_5_o_add_134_OUT_cy<11> (Madd_GND_5_o_GND_5_o_add_134_OUT_cy<11>)
     MUXCY:CI->O           1   0.019   0.000  Madd_GND_5_o_GND_5_o_add_134_OUT_cy<12> (Madd_GND_5_o_GND_5_o_add_134_OUT_cy<12>)
     MUXCY:CI->O           1   0.019   0.000  Madd_GND_5_o_GND_5_o_add_134_OUT_cy<13> (Madd_GND_5_o_GND_5_o_add_134_OUT_cy<13>)
     MUXCY:CI->O           1   0.019   0.000  Madd_GND_5_o_GND_5_o_add_134_OUT_cy<14> (Madd_GND_5_o_GND_5_o_add_134_OUT_cy<14>)
     MUXCY:CI->O           1   0.019   0.000  Madd_GND_5_o_GND_5_o_add_134_OUT_cy<15> (Madd_GND_5_o_GND_5_o_add_134_OUT_cy<15>)
     MUXCY:CI->O           1   0.019   0.000  Madd_GND_5_o_GND_5_o_add_134_OUT_cy<16> (Madd_GND_5_o_GND_5_o_add_134_OUT_cy<16>)
     MUXCY:CI->O           1   0.019   0.000  Madd_GND_5_o_GND_5_o_add_134_OUT_cy<17> (Madd_GND_5_o_GND_5_o_add_134_OUT_cy<17>)
     MUXCY:CI->O           1   0.019   0.000  Madd_GND_5_o_GND_5_o_add_134_OUT_cy<18> (Madd_GND_5_o_GND_5_o_add_134_OUT_cy<18>)
     MUXCY:CI->O           1   0.019   0.000  Madd_GND_5_o_GND_5_o_add_134_OUT_cy<19> (Madd_GND_5_o_GND_5_o_add_134_OUT_cy<19>)
     MUXCY:CI->O           1   0.019   0.000  Madd_GND_5_o_GND_5_o_add_134_OUT_cy<20> (Madd_GND_5_o_GND_5_o_add_134_OUT_cy<20>)
     MUXCY:CI->O           0   0.019   0.000  Madd_GND_5_o_GND_5_o_add_134_OUT_cy<21> (Madd_GND_5_o_GND_5_o_add_134_OUT_cy<21>)
     XORCY:CI->O           1   0.180   0.580  Madd_GND_5_o_GND_5_o_add_134_OUT_xor<22> (GND_5_o_GND_5_o_add_134_OUT<22>)
     LUT3:I2->O            1   0.205   0.579  Mmux_y_mantissa151 (y_22_OBUF)
     OBUF:I->O                 2.571          y_22_OBUF (y<22>)
    ----------------------------------------
    Total                     92.284ns (26.122ns logic, 66.163ns route)
                                       (28.3% logic, 71.7% route)

=========================================================================

Cross Clock Domains Report:
--------------------------

=========================================================================


Total REAL time to Xst completion: 9.00 secs
Total CPU time to Xst completion: 9.10 secs
 
--> 

Total memory usage is 4511772 kilobytes

Number of errors   :    0 (   0 filtered)
Number of warnings :    2 (   0 filtered)
Number of infos    :    1 (   0 filtered)

